Microchip MPLAB XC8 Compiler V1.45 ()

Linker command line:

-W-3 --edf=C:\Program Files (x86)\Microchip\xc8\v1.45\dat\en_msgs.txt \
  -pivt0x8=08h -cs -h+dist/default/production\OLED_test.X.production.sym \
  --cmf=dist/default/production\OLED_test.X.production.cmf -z -Q18F25K83 \
  -oC:\Users\ENRSAO~1\AppData\Local\Temp\s5ao.2 \
  -Mdist/default/production/OLED_test.X.production.map -E1 -ver=XC8 \
  -ASTACK=06BAh-07ffh -pstack=STACK -ACODE=00h-07FFFh -ACONST=00h-07FFFh \
  -ASMALLCONST=0800h-08FFhx120 -AMEDIUMCONST=0800h-07FFFh -ACOMRAM=01h-05Fh \
  -AABS1=00h-07FFh -ABIGRAM=01h-07FFh -ARAM=060h-0FFh,0100h-01FFhx7 \
  -ABANK0=060h-0FFh -ABANK1=0100h-01FFh -ABANK2=0200h-02FFh \
  -ABANK3=0300h-03FFh -ABANK4=0400h-04FFh -ABANK5=0500h-05FFh \
  -ABANK6=0600h-06FFh -ABANK7=0700h-07FFh \
  -ASFR=03700h-037FFhx8,03F00h-03F5Fh,03F60h-03FFFh -preset_vec=00h \
  -ppowerup=CODE,init -pramtop=0800h -psmallconst=SMALLCONST \
  -pmediumconst=MEDIUMCONST -pconst=CONST -AFARRAM=00h-00h \
  -ACONFIG=0300000h-0300009h -pconfig=CONFIG -AIDLOC=0200000h-020000Fh \
  -pidloc=IDLOC -AEEDATA=0310000h-03103FFh -peeprom_data=EEDATA \
  -prdata=COMRAM,nvrram=COMRAM,nvbit=COMRAM,rbss=COMRAM,rbit=COMRAM \
  -pfarbss=FARRAM,fardata=FARRAM,nvFARRAM=FARRAM \
  -pintsave_regs=BIGRAM,bigbss=BIGRAM,bigdata=BIGRAM -pbss=RAM \
  -pidata=CODE,irdata=CODE,ibigdata=CODE,ifardata=CODE -prparam=COMRAM \
  C:\Users\ENRSAO~1\AppData\Local\Temp\s5ao.obj \
  dist/default/production\OLED_test.X.production.obj 

Object code version is 3.11

Machine type is 18F25K83

Call graph: (short form)




                Name                               Link     Load   Length Selector   Space Scale
C:\Users\ENRSAO~1\AppData\Local\Temp\s5ao.obj
                init                                 1A       1A        4        4       0
                reset_vec                             0        0        4        0       0
                idloc                            200000   200000       10   200000       0
                config                           300000   300000        A   300000       0
dist/default/production\OLED_test.X.production.obj
                mediumconst                        7EB2     7EB2      14E     3F59       0
                ivt0x8                                8        8       12        4       0
                text37                              8DA      8DA       26        4       0
                text36                              AA4      AA4        6        4       0
                text35                              AB0      AB0        2        4       0
                text34                              AAE      AAE        2        4       0
                text33                              3F2      3F2       A8        4       0
                text32                              820      820       32        4       0
                text31                              772      772       40        4       0
                text30                              8B0      8B0       2A        4       0
                text29                              A9E      A9E        6        4       0
                text28                              A18      A18       18        4       0
                text27                              624      624       58        4       0
                text26                              924      924       24        4       0
                text25                              7EC      7EC       34        4       0
                text24                              96A      96A       22        4       0
                text23                              A90      A90        E        4       0
                text22                              A82      A82        E        4       0
                text21                              A74      A74        E        4       0
                text20                              A66      A66        E        4       0
                text19                              A58      A58        E        4       0
                text18                              49A      49A       A4        4       0
                text17                              948      948       22        4       0
                text16                              900      900       24        4       0
                text15                              9FE      9FE       1A        4       0
                text14                              9E4      9E4       1A        4       0
                text13                              9CA      9CA       1A        4       0
                text12                              852      852       30        4       0
                text11                              A44      A44       14        4       0
                text10                              6D2      6D2       56        4       0
                text9                               9AC      9AC       1E        4       0
                text8                               5C8      5C8       5C        4       0
                text7                               7B2      7B2       3A        4       0
                text6                               348      348       AA        4       0
                text5                               882      882       2E        4       0
                text4                               67C      67C       56        4       0
                text3                               728      728       4A        4       0
                text2                               A30      A30       14        4       0
                text1                               258      258       F0        4       0
                text0                               98C      98C       20        4       0
                cstackCOMRAM                          1        1       28        1       1
                dataBIGRAM                          480      480      23A       80       1
                bssBIGRAM                            80       80      400       80       1
                bssBANK0                             60       60       20       60       1
                dataCOMRAM                           59       59        4        1       1
                bssCOMRAM                            29       29       23        1       1
                cinit                               53E      53E       8A        4       0
                nvCOMRAM                             4C       4C        D        1       1
                idataBIGRAM                          1E       1E      23A        4       0
                idataCOMRAM                         AAA      AAA        4        4       0

TOTAL           Name                               Link     Load   Length     Space
        CLASS   STACK          

        CLASS   CODE           
                init                                 1A       1A        4         0
                reset_vec                             0        0        4         0
                ivt0x8                                8        8       12         0
                text37                              8DA      8DA       26         0
                text36                              AA4      AA4        6         0
                text35                              AB0      AB0        2         0
                text34                              AAE      AAE        2         0
                text33                              3F2      3F2       A8         0
                text32                              820      820       32         0
                text31                              772      772       40         0
                text30                              8B0      8B0       2A         0
                text29                              A9E      A9E        6         0
                text28                              A18      A18       18         0
                text27                              624      624       58         0
                text26                              924      924       24         0
                text25                              7EC      7EC       34         0
                text24                              96A      96A       22         0
                text23                              A90      A90        E         0
                text22                              A82      A82        E         0
                text21                              A74      A74        E         0
                text20                              A66      A66        E         0
                text19                              A58      A58        E         0
                text18                              49A      49A       A4         0
                text17                              948      948       22         0
                text16                              900      900       24         0
                text15                              9FE      9FE       1A         0
                text14                              9E4      9E4       1A         0
                text13                              9CA      9CA       1A         0
                text12                              852      852       30         0
                text11                              A44      A44       14         0
                text10                              6D2      6D2       56         0
                text9                               9AC      9AC       1E         0
                text8                               5C8      5C8       5C         0
                text7                               7B2      7B2       3A         0
                text6                               348      348       AA         0
                text5                               882      882       2E         0
                text4                               67C      67C       56         0
                text3                               728      728       4A         0
                text2                               A30      A30       14         0
                text1                               258      258       F0         0
                text0                               98C      98C       20         0
                cinit                               53E      53E       8A         0
                idataBIGRAM                          1E       1E      23A         0
                idataCOMRAM                         AAA      AAA        4         0

        CLASS   CONST          

        CLASS   SMALLCONST     

        CLASS   MEDIUMCONST    
                mediumconst                        7EB2     7EB2      14E         0

        CLASS   COMRAM         
                cstackCOMRAM                          1        1       28         1
                dataCOMRAM                           59       59        4         1
                bssCOMRAM                            29       29       23         1
                nvCOMRAM                             4C       4C        D         1

        CLASS   ABS1           

        CLASS   BIGRAM         
                dataBIGRAM                          480      480      23A         1
                bssBIGRAM                            80       80      400         1

        CLASS   RAM            

        CLASS   BANK0          
                bssBANK0                             60       60       20         1

        CLASS   BANK1          

        CLASS   BANK2          

        CLASS   BANK3          

        CLASS   BANK4          

        CLASS   BANK5          

        CLASS   BANK6          

        CLASS   BANK7          

        CLASS   SFR            

        CLASS   FARRAM         

        CLASS   CONFIG         
                config                           300000   300000        A         0

        CLASS   IDLOC          
                idloc                            200000   200000       10         0

        CLASS   EEDATA         



SEGMENTS        Name                           Load    Length   Top    Selector   Space  Class

                reset_vec                      000000  000004  000004         0       0  CODE    
                cstackCOMRAM                   000001  00005C  00005D         1       1  COMRAM  
                ivt0x8                         000008  000AAA  000AB2         4       0  CODE    
                bssBANK0                       000060  000020  000080        60       1  BANK0   
                bssBIGRAM                      000080  00063A  0006BA        80       1  BIGRAM  
                mediumconst                    007EB2  00014E  008000      3F59       0  MEDIUMCO
                idloc                          200000  000010  200010    200000       0  IDLOC   
                config                         300000  00000A  30000A    300000       0  CONFIG  


UNUSED ADDRESS RANGES

        Name                Unused          Largest block    Delta
        BANK6            0006BA-0006FF               46
        BANK7            000700-0007FF              100
        BIGRAM           00005D-00005F                3
                         0006BA-0007FF              146
        CODE             000004-000007                4
                         000AB2-007EB1             7400
        COMRAM           00005D-00005F                3
        CONST            000004-000007                4
                         000AB2-007EB1             7400
        EEDATA           310000-3103FF              400
        MEDIUMCONST      000AB2-007EB1             7400
        RAM              0006BA-0007FF               46
        SFR              003700-003FFF              100
        SMALLCONST       000AB2-007EB1              100
        STACK            0006BA-0007FF              146

                                  Symbol Table

?___wmul                                      cstackCOMRAM 000001
?_strlen                                      cstackCOMRAM 000001
IVTBASEH                                      (abs)        003FD6
IVTBASEL                                      (abs)        003FD5
IVTBASEU                                      (abs)        003FD7
UART1_SetErrorHandler@interruptHandler        cstackCOMRAM 000001
UART1_SetFramingErrorHandler@interruptHandler cstackCOMRAM 000001
UART1_SetOverrunErrorHandler@interruptHandler cstackCOMRAM 000001
UART1_SetRxInterruptHandler@InterruptHandler  cstackCOMRAM 000001
UART1_SetTxInterruptHandler@InterruptHandler  cstackCOMRAM 000001
_ANSELA                                       (abs)        003A40
_ANSELB                                       (abs)        003A50
_ANSELC                                       (abs)        003A60
_I2C1ADB1                                     (abs)        003D6E
_I2C1CLK                                      (abs)        003D7B
_I2C1CNT                                      (abs)        003D6C
_I2C1CON0                                     (abs)        003D73
_I2C1CON0bits                                 (abs)        003D73
_I2C1CON1                                     (abs)        003D74
_I2C1CON2                                     (abs)        003D75
_I2C1ERR                                      (abs)        003D76
_I2C1PIR                                      (abs)        003D79
_I2C1PIRbits                                  (abs)        003D79
_I2C1RXB                                      (abs)        003D6A
_I2C1SCLPPS                                   (abs)        003AE3
_I2C1SDAPPS                                   (abs)        003AE4
_I2C1STAT0bits                                (abs)        003D77
_I2C1STAT1bits                                (abs)        003D78
_I2C1TXB                                      (abs)        003D6B
_I2C1_Initialize                              text30       0008B0
_INTCON0bits                                  (abs)        003FD2
_INTERRUPT_Initialize                         text29       000A9E
_INTERRUPT_InterruptManager                   text31       000772
_LATA                                         (abs)        003FBA
_LATB                                         (abs)        003FBB
_LATC                                         (abs)        003FBC
_ODCONA                                       (abs)        003A42
_ODCONB                                       (abs)        003A52
_ODCONC                                       (abs)        003A62
_OSCCON1                                      (abs)        0039D9
_OSCCON3                                      (abs)        0039DB
_OSCEN                                        (abs)        0039DD
_OSCFRQ                                       (abs)        0039DF
_OSCILLATOR_Initialize                        text28       000A18
_OSCTUNE                                      (abs)        0039DE
_PIE3bits                                     (abs)        003993
_PIN_MANAGER_Initialize                       text27       000624
_PIR3bits                                     (abs)        0039A3
_PIR4bits                                     (abs)        0039A4
_PMD0                                         (abs)        0039C0
_PMD1                                         (abs)        0039C1
_PMD2                                         (abs)        0039C2
_PMD3                                         (abs)        0039C3
_PMD4                                         (abs)        0039C4
_PMD5                                         (abs)        0039C5
_PMD6                                         (abs)        0039C6
_PMD7                                         (abs)        0039C7
_PMD_Initialize                               text26       000924
_PR2                                          (abs)        003FAB
_RC3PPS                                       (abs)        003A13
_RC4PPS                                       (abs)        003A14
_SLRCONA                                      (abs)        003A43
_SLRCONB                                      (abs)        003A53
_SLRCONC                                      (abs)        003A63
_SYSTEM_Initialize                            text17       000948
_T0CON0                                       (abs)        003FB8
_T0CON0bits                                   (abs)        003FB8
_T0CON1                                       (abs)        003FB9
_T2CLKCON                                     (abs)        003FAE
_T2CON                                        (abs)        003FAC
_T2CONbits                                    (abs)        003FAC
_T2HLT                                        (abs)        003FAD
_T2HLTbits                                    (abs)        003FAD
_T2PR                                         (abs)        003FAB
_T2RST                                        (abs)        003FAF
_T2RSTbits                                    (abs)        003FAF
_T2TMR                                        (abs)        003FAA
_TMR0H                                        (abs)        003FB7
_TMR0L                                        (abs)        003FB6
_TMR0_Initialize                              text25       0007EC
_TMR2                                         (abs)        003FAA
_TMR2_Initialize                              text24       00096A
_TRISA                                        (abs)        003FC2
_TRISB                                        (abs)        003FC3
_TRISC                                        (abs)        003FC4
_U1BRGH                                       (abs)        003DF6
_U1BRGL                                       (abs)        003DF5
_U1CON0                                       (abs)        003DF2
_U1CON1                                       (abs)        003DF3
_U1CON2                                       (abs)        003DF4
_U1ERRIE                                      (abs)        003DFA
_U1ERRIR                                      (abs)        003DF9
_U1ERRIRbits                                  (abs)        003DF9
_U1FIFO                                       (abs)        003DF7
_U1P1H                                        (abs)        003DED
_U1P1L                                        (abs)        003DEC
_U1P2H                                        (abs)        003DEF
_U1P2L                                        (abs)        003DEE
_U1P3H                                        (abs)        003DF1
_U1P3L                                        (abs)        003DF0
_U1RXB                                        (abs)        003DE8
_U1RXPPS                                      (abs)        003AE7
_U1TXB                                        (abs)        003DEA
_U1UIR                                        (abs)        003DF8
_UART1_DefaultErrorHandler                    text36       000AA4
_UART1_DefaultFramingErrorHandler             text35       000AB0
_UART1_DefaultOverrunErrorHandler             text34       000AAE
_UART1_ErrorHandler                           nvCOMRAM     00004C
_UART1_FramingErrorHandler                    nvCOMRAM     000050
_UART1_Initialize                             text18       00049A
_UART1_OverrunErrorHandler                    nvCOMRAM     00004E
_UART1_Receive_ISR                            text33       0003F2
_UART1_RxDataHandler                          text37       0008DA
_UART1_RxInterruptHandler                     nvCOMRAM     000054
_UART1_SetErrorHandler                        text23       000A90
_UART1_SetFramingErrorHandler                 text22       000A82
_UART1_SetOverrunErrorHandler                 text21       000A74
_UART1_SetRxInterruptHandler                  text20       000A66
_UART1_SetTxInterruptHandler                  text19       000A58
_UART1_Transmit_ISR                           text32       000820
_UART1_TxInterruptHandler                     nvCOMRAM     000052
_WPUA                                         (abs)        003A41
_WPUB                                         (abs)        003A51
_WPUC                                         (abs)        003A61
_WPUE                                         (abs)        003A81
__CFG_BBEN$OFF                                (abs)        000000
__CFG_BBSIZE$BBSIZE_512                       (abs)        000000
__CFG_BOREN$SBORDIS                           (abs)        000000
__CFG_BORV$VBOR_2P45                          (abs)        000000
__CFG_CLKOUTEN$OFF                            (abs)        000000
__CFG_CP$OFF                                  (abs)        000000
__CFG_CSWEN$ON                                (abs)        000000
__CFG_DEBUG$OFF                               (abs)        000000
__CFG_FCMEN$ON                                (abs)        000000
__CFG_FEXTOSC$OFF                             (abs)        000000
__CFG_IVT1WAY$ON                              (abs)        000000
__CFG_LPBOREN$OFF                             (abs)        000000
__CFG_LVP$ON                                  (abs)        000000
__CFG_MCLRE$EXTMCLR                           (abs)        000000
__CFG_MVECEN$OFF                              (abs)        000000
__CFG_PPS1WAY$ON                              (abs)        000000
__CFG_PR1WAY$ON                               (abs)        000000
__CFG_PWRTS$PWRT_OFF                          (abs)        000000
__CFG_RSTOSC$EXTOSC                           (abs)        000000
__CFG_SAFEN$OFF                               (abs)        000000
__CFG_STVREN$ON                               (abs)        000000
__CFG_WDTCCS$SC                               (abs)        000000
__CFG_WDTCPS$WDTCPS_31                        (abs)        000000
__CFG_WDTCWS$WDTCWS_7                         (abs)        000000
__CFG_WDTE$OFF                                (abs)        000000
__CFG_WRTAPP$OFF                              (abs)        000000
__CFG_WRTB$OFF                                (abs)        000000
__CFG_WRTC$OFF                                (abs)        000000
__CFG_WRTD$OFF                                (abs)        000000
__CFG_WRTSAF$OFF                              (abs)        000000
__CFG_XINST$OFF                               (abs)        000000
__CFG_ZCD$OFF                                 (abs)        000000
__HRAM                                        (abs)        000000
__Habs1                                       abs1         000000
__Hbank0                                      bank0        000000
__Hbank1                                      bank1        000000
__Hbank2                                      bank2        000000
__Hbank3                                      bank3        000000
__Hbank4                                      bank4        000000
__Hbank5                                      bank5        000000
__Hbank6                                      bank6        000000
__Hbank7                                      bank7        000000
__Hbigbss                                     bigbss       000000
__Hbigdata                                    bigdata      000000
__Hbigram                                     bigram       000000
__Hbss                                        bss          000000
__HbssBANK0                                   bssBANK0     000000
__HbssBIGRAM                                  bssBIGRAM    000000
__HbssCOMRAM                                  bssCOMRAM    000000
__Hcinit                                      cinit        000000
__Hclrtext                                    clrtext      000000
__Hcomram                                     comram       000000
__Hconfig                                     config       30000A
__Hconst                                      const        000000
__HcstackCOMRAM                               cstackCOMRAM 000000
__Hdata                                       data         000000
__HdataBIGRAM                                 dataBIGRAM   000000
__HdataCOMRAM                                 dataCOMRAM   000000
__Heeprom_data                                eeprom_data  000000
__Hfarbss                                     farbss       000000
__Hfardata                                    fardata      000000
__Hibigdata                                   ibigdata     000000
__Hidata                                      idata        000000
__HidataBIGRAM                                idataBIGRAM  000000
__HidataCOMRAM                                idataCOMRAM  000000
__Hidloc                                      idloc        200010
__Hifardata                                   ifardata     000000
__Hinit                                       init         00001E
__Hintsave_regs                               intsave_regs 000000
__Hirdata                                     irdata       000000
__Hivt0x8                                     ivt0x8       00001A
__Hmediumconst                                mediumconst  008000
__HnvCOMRAM                                   nvCOMRAM     000000
__HnvFARRAM                                   nvFARRAM     000000
__Hnvbit                                      nvbit        000000
__Hnvrram                                     nvrram       000000
__Hparam                                      rparam       000000
__Hpowerup                                    powerup      000000
__Hram                                        ram          000000
__Hramtop                                     ramtop       000800
__Hrbit                                       rbit         000000
__Hrbss                                       rbss         000000
__Hrdata                                      rdata        000000
__Hreset_vec                                  reset_vec    000004
__Hrparam                                     rparam       000000
__Hsfr                                        sfr          000000
__Hsmallconst                                 smallconst   000000
__Hspace_0                                    (abs)        30000A
__Hspace_1                                    (abs)        0006BA
__Hspace_2                                    (abs)        000000
__Hstack                                      stack        000000
__Hstruct                                     struct       000000
__Htemp                                       temp         000000
__Htext                                       text         000000
__Htext0                                      text0        000000
__Htext1                                      text1        000000
__Htext10                                     text10       000000
__Htext11                                     text11       000000
__Htext12                                     text12       000000
__Htext13                                     text13       000000
__Htext14                                     text14       000000
__Htext15                                     text15       000000
__Htext16                                     text16       000000
__Htext17                                     text17       000000
__Htext18                                     text18       000000
__Htext19                                     text19       000000
__Htext2                                      text2        000000
__Htext20                                     text20       000000
__Htext21                                     text21       000000
__Htext22                                     text22       000000
__Htext23                                     text23       000000
__Htext24                                     text24       000000
__Htext25                                     text25       000000
__Htext26                                     text26       000000
__Htext27                                     text27       000000
__Htext28                                     text28       000000
__Htext29                                     text29       000000
__Htext3                                      text3        000000
__Htext30                                     text30       000000
__Htext31                                     text31       000000
__Htext32                                     text32       000000
__Htext33                                     text33       000000
__Htext34                                     text34       000000
__Htext35                                     text35       000000
__Htext36                                     text36       000000
__Htext37                                     text37       000000
__Htext38                                     text38       000000
__Htext4                                      text4        000000
__Htext5                                      text5        000000
__Htext6                                      text6        000000
__Htext7                                      text7        000000
__Htext8                                      text8        000000
__Htext9                                      text9        000000
__LRAM                                        (abs)        000001
__Labs1                                       abs1         000000
__Lbank0                                      bank0        000000
__Lbank1                                      bank1        000000
__Lbank2                                      bank2        000000
__Lbank3                                      bank3        000000
__Lbank4                                      bank4        000000
__Lbank5                                      bank5        000000
__Lbank6                                      bank6        000000
__Lbank7                                      bank7        000000
__Lbigbss                                     bigbss       000000
__Lbigdata                                    bigdata      000000
__Lbigram                                     bigram       000000
__Lbss                                        bss          000000
__LbssBANK0                                   bssBANK0     000000
__LbssBIGRAM                                  bssBIGRAM    000000
__LbssCOMRAM                                  bssCOMRAM    000000
__Lcinit                                      cinit        000000
__Lclrtext                                    clrtext      000000
__Lcomram                                     comram       000000
__Lconfig                                     config       300000
__Lconst                                      const        000000
__LcstackCOMRAM                               cstackCOMRAM 000000
__Ldata                                       data         000000
__LdataBIGRAM                                 dataBIGRAM   000000
__LdataCOMRAM                                 dataCOMRAM   000000
__Leeprom_data                                eeprom_data  000000
__Lfarbss                                     farbss       000000
__Lfardata                                    fardata      000000
__Libigdata                                   ibigdata     000000
__Lidata                                      idata        000000
__LidataBIGRAM                                idataBIGRAM  000000
__LidataCOMRAM                                idataCOMRAM  000000
__Lidloc                                      idloc        200000
__Lifardata                                   ifardata     000000
__Linit                                       init         00001A
__Lintsave_regs                               intsave_regs 000000
__Lirdata                                     irdata       000000
__Livt0x8                                     ivt0x8       000008
__Lmediumconst                                mediumconst  007EB2
__LnvCOMRAM                                   nvCOMRAM     000000
__LnvFARRAM                                   nvFARRAM     000000
__Lnvbit                                      nvbit        000000
__Lnvrram                                     nvrram       000000
__Lparam                                      rparam       000000
__Lpowerup                                    powerup      000000
__Lram                                        ram          000000
__Lramtop                                     ramtop       000800
__Lrbit                                       rbit         000000
__Lrbss                                       rbss         000000
__Lrdata                                      rdata        000000
__Lreset_vec                                  reset_vec    000000
__Lrparam                                     rparam       000000
__Lsfr                                        sfr          000000
__Lsmallconst                                 smallconst   000000
__Lspace_0                                    (abs)        000000
__Lspace_1                                    (abs)        000000
__Lspace_2                                    (abs)        000000
__Lstack                                      stack        000000
__Lstruct                                     struct       000000
__Ltemp                                       temp         000000
__Ltext                                       text         000000
__Ltext0                                      text0        000000
__Ltext1                                      text1        000000
__Ltext10                                     text10       000000
__Ltext11                                     text11       000000
__Ltext12                                     text12       000000
__Ltext13                                     text13       000000
__Ltext14                                     text14       000000
__Ltext15                                     text15       000000
__Ltext16                                     text16       000000
__Ltext17                                     text17       000000
__Ltext18                                     text18       000000
__Ltext19                                     text19       000000
__Ltext2                                      text2        000000
__Ltext20                                     text20       000000
__Ltext21                                     text21       000000
__Ltext22                                     text22       000000
__Ltext23                                     text23       000000
__Ltext24                                     text24       000000
__Ltext25                                     text25       000000
__Ltext26                                     text26       000000
__Ltext27                                     text27       000000
__Ltext28                                     text28       000000
__Ltext29                                     text29       000000
__Ltext3                                      text3        000000
__Ltext30                                     text30       000000
__Ltext31                                     text31       000000
__Ltext32                                     text32       000000
__Ltext33                                     text33       000000
__Ltext34                                     text34       000000
__Ltext35                                     text35       000000
__Ltext36                                     text36       000000
__Ltext37                                     text37       000000
__Ltext38                                     text38       000000
__Ltext4                                      text4        000000
__Ltext5                                      text5        000000
__Ltext6                                      text6        000000
__Ltext7                                      text7        000000
__Ltext8                                      text8        000000
__Ltext9                                      text9        000000
__S0                                          (abs)        30000A
__S1                                          (abs)        0006BA
__S2                                          (abs)        000000
___inthi_sp                                   stack        000000
___intlo_sp                                   stack        000000
___param_bank                                 (abs)        000000
___rparam_used                                (abs)        000001
___sp                                         stack        000000
___wmul                                       text5        000882
___wmul@multiplicand                          cstackCOMRAM 000003
___wmul@multiplier                            cstackCOMRAM 000001
___wmul@product                               cstackCOMRAM 000005
__accesstop                                   (abs)        000060
__activetblptr                                (abs)        000002
__end_of_I2C1_Initialize                      text30       0008DA
__end_of_INTERRUPT_Initialize                 text29       000AA4
__end_of_INTERRUPT_InterruptManager           text31       0007B2
__end_of_OSCILLATOR_Initialize                text28       000A30
__end_of_PIN_MANAGER_Initialize               text27       00067C
__end_of_PMD_Initialize                       text26       000948
__end_of_SYSTEM_Initialize                    text17       00096A
__end_of_TMR0_Initialize                      text25       000820
__end_of_TMR2_Initialize                      text24       00098C
__end_of_UART1_DefaultErrorHandler            text36       000AAA
__end_of_UART1_DefaultFramingErrorHandler     text35       000AB2
__end_of_UART1_DefaultOverrunErrorHandler     text34       000AB0
__end_of_UART1_Initialize                     text18       00053E
__end_of_UART1_Receive_ISR                    text33       00049A
__end_of_UART1_RxDataHandler                  text37       000900
__end_of_UART1_SetErrorHandler                text23       000A9E
__end_of_UART1_SetFramingErrorHandler         text22       000A90
__end_of_UART1_SetOverrunErrorHandler         text21       000A82
__end_of_UART1_SetRxInterruptHandler          text20       000A74
__end_of_UART1_SetTxInterruptHandler          text19       000A66
__end_of_UART1_Transmit_ISR                   text32       000852
__end_of___wmul                               text5        0008B0
__end_of__initialization                      cinit        0005BE
__end_of_capFont                              mediumconst  007FF3
__end_of_clearRow                             text8        000624
__end_of_clearScreen                          text7        0007EC
__end_of_i2c1_write1ByteRegister              text12       000882
__end_of_i2c1_writeNBytes                     text10       000728
__end_of_init_OLED                            text6        0003F2
__end_of_main                                 text0        0009AC
__end_of_print2Screen                         text1        000348
__end_of_sendByte                             text16       000924
__end_of_setCursorPosition                    text4        0006D2
__end_of_strlen                               text3        000772
__end_of_transmitByte                         text2        000A44
__end_of_transmitCommand                      text11       000A58
__end_of_transmitDATA                         text9        0009CA
__end_of_wait4BusFree                         text15       000A18
__end_of_wait4Start                           text14       0009FE
__end_of_wait4Stop                            text13       0009E4
__initialization                              cinit        00053E
__mediumconst                                 mediumconst  007EB2
__pbssBANK0                                   bssBANK0     000060
__pbssBIGRAM                                  bssBIGRAM    000080
__pbssCOMRAM                                  bssCOMRAM    000029
__pcinit                                      cinit        00053E
__pcstackCOMRAM                               cstackCOMRAM 000001
__pdataBIGRAM                                 dataBIGRAM   000480
__pdataCOMRAM                                 dataCOMRAM   000059
__pidataBIGRAM                                idataBIGRAM  00001E
__pidataCOMRAM                                idataCOMRAM  000AAA
__pivt0x8                                     ivt0x8       000008
__pmediumconst                                mediumconst  007EB2
__pnvCOMRAM                                   nvCOMRAM     00004C
__ptext0                                      text0        00098C
__ptext1                                      text1        000258
__ptext10                                     text10       0006D2
__ptext11                                     text11       000A44
__ptext12                                     text12       000852
__ptext13                                     text13       0009CA
__ptext14                                     text14       0009E4
__ptext15                                     text15       0009FE
__ptext16                                     text16       000900
__ptext17                                     text17       000948
__ptext18                                     text18       00049A
__ptext19                                     text19       000A58
__ptext2                                      text2        000A30
__ptext20                                     text20       000A66
__ptext21                                     text21       000A74
__ptext22                                     text22       000A82
__ptext23                                     text23       000A90
__ptext24                                     text24       00096A
__ptext25                                     text25       0007EC
__ptext26                                     text26       000924
__ptext27                                     text27       000624
__ptext28                                     text28       000A18
__ptext29                                     text29       000A9E
__ptext3                                      text3        000728
__ptext30                                     text30       0008B0
__ptext31                                     text31       000772
__ptext32                                     text32       000820
__ptext33                                     text33       0003F2
__ptext34                                     text34       000AAE
__ptext35                                     text35       000AB0
__ptext36                                     text36       000AA4
__ptext37                                     text37       0008DA
__ptext38                                     text38       000000
__ptext4                                      text4        00067C
__ptext5                                      text5        000882
__ptext6                                      text6        000348
__ptext7                                      text7        0007B2
__ptext8                                      text8        0005C8
__ptext9                                      text9        0009AC
__ramtop                                      ramtop       000800
__size_of_I2C1_Initialize                     (abs)        000000
__size_of_INTERRUPT_Initialize                (abs)        000000
__size_of_INTERRUPT_InterruptManager          (abs)        000000
__size_of_OSCILLATOR_Initialize               (abs)        000000
__size_of_PIN_MANAGER_Initialize              (abs)        000000
__size_of_PMD_Initialize                      (abs)        000000
__size_of_SYSTEM_Initialize                   (abs)        000000
__size_of_TMR0_Initialize                     (abs)        000000
__size_of_TMR2_Initialize                     (abs)        000000
__size_of_UART1_DefaultErrorHandler           (abs)        000000
__size_of_UART1_DefaultFramingErrorHandler    (abs)        000000
__size_of_UART1_DefaultOverrunErrorHandler    (abs)        000000
__size_of_UART1_Initialize                    (abs)        000000
__size_of_UART1_Receive_ISR                   (abs)        000000
__size_of_UART1_RxDataHandler                 (abs)        000000
__size_of_UART1_SetErrorHandler               (abs)        000000
__size_of_UART1_SetFramingErrorHandler        (abs)        000000
__size_of_UART1_SetOverrunErrorHandler        (abs)        000000
__size_of_UART1_SetRxInterruptHandler         (abs)        000000
__size_of_UART1_SetTxInterruptHandler         (abs)        000000
__size_of_UART1_Transmit_ISR                  (abs)        000000
__size_of___wmul                              (abs)        000000
__size_of_clearRow                            (abs)        000000
__size_of_clearScreen                         (abs)        000000
__size_of_i2c1_write1ByteRegister             (abs)        000000
__size_of_i2c1_writeNBytes                    (abs)        000000
__size_of_init_OLED                           (abs)        000000
__size_of_main                                (abs)        000000
__size_of_print2Screen                        (abs)        000000
__size_of_sendByte                            (abs)        000000
__size_of_setCursorPosition                   (abs)        000000
__size_of_strlen                              (abs)        000000
__size_of_transmitByte                        (abs)        000000
__size_of_transmitCommand                     (abs)        000000
__size_of_transmitDATA                        (abs)        000000
__size_of_wait4BusFree                        (abs)        000000
__size_of_wait4Start                          (abs)        000000
__size_of_wait4Stop                           (abs)        000000
__smallconst                                  smallconst   000000
_capFont                                      mediumconst  007EB3
_characterFont                                dataBIGRAM   000480
_clearPixel                                   bssBANK0     000060
_clearRow                                     text8        0005C8
_clearScreen                                  text7        0007B2
_font                                         dataCOMRAM   000059
_i2c1_write1ByteRegister                      text12       000852
_i2c1_writeNBytes                             text10       0006D2
_init_OLED                                    text6        000348
_lastError                                    bssCOMRAM    000041
_leftOver                                     bssCOMRAM    000048
_main                                         text0        00098C
_print2Screen                                 text1        000258
_scrbuf                                       bssBIGRAM    000080
_sendByte                                     text16       000900
_setCursorPosition                            text4        00067C
_strlen                                       text3        000728
_timer0ReloadVal16bit                         nvCOMRAM     000056
_transmitByte                                 text2        000A30
_transmitCommand                              text11       000A44
_transmitDATA                                 text9        0009AC
_uart1RxBuffer                                bssCOMRAM    000031
_uart1RxCount                                 bssCOMRAM    000043
_uart1RxHead                                  bssCOMRAM    000045
_uart1RxLastError                             bssCOMRAM    000042
_uart1RxStatusBuffer                          bssCOMRAM    000029
_uart1RxTail                                  bssCOMRAM    000044
_uart1TxBuffer                                bssCOMRAM    000039
_uart1TxBufferRemaining                       nvCOMRAM     000058
_uart1TxHead                                  bssCOMRAM    000047
_uart1TxTail                                  bssCOMRAM    000046
_wait4BusFree                                 text15       0009FE
_wait4Start                                   text14       0009E4
_wait4Stop                                    text13       0009CA
clearRow@i                                    cstackCOMRAM 000010
clearRow@page                                 cstackCOMRAM 00000D
clearRow@row                                  cstackCOMRAM 00000F
clearScreen@i                                 cstackCOMRAM 000012
end_of_initialization                         cinit        0005BE
i2c1_write1ByteRegister@address               cstackCOMRAM 000005
i2c1_write1ByteRegister@data                  cstackCOMRAM 000004
i2c1_write1ByteRegister@reg                   cstackCOMRAM 000003
i2c1_writeNBytes@address                      cstackCOMRAM 000007
i2c1_writeNBytes@data                         cstackCOMRAM 000004
i2c1_writeNBytes@dataPointer                  cstackCOMRAM 000008
i2c1_writeNBytes@len                          cstackCOMRAM 000006
i2c1_writeNBytes@reg                          cstackCOMRAM 000003
intlevel0                                     text         000000
intlevel1                                     text         000000
intlevel2                                     text         000000
intlevel3                                     text         000000
ivt0x8_base                                   ivt0x8       000008
print2Screen@character                        cstackCOMRAM 000023
print2Screen@column                           cstackCOMRAM 000014
print2Screen@current_column                   cstackCOMRAM 00001C
print2Screen@current_row                      cstackCOMRAM 00001A
print2Screen@data                             cstackCOMRAM 000015
print2Screen@i                                cstackCOMRAM 000026
print2Screen@k                                cstackCOMRAM 000028
print2Screen@pixelVal                         cstackCOMRAM 00001E
print2Screen@row                              cstackCOMRAM 000025
sendByte@data                                 cstackCOMRAM 000001
sendByte@delayCounter                         cstackCOMRAM 000002
setCursorPosition@column                      cstackCOMRAM 000009
setCursorPosition@lowerAddressByte            cstackCOMRAM 000010
setCursorPosition@page                        cstackCOMRAM 00000E
setCursorPosition@row                         cstackCOMRAM 000007
setCursorPosition@upperAddressByte            cstackCOMRAM 000012
stackhi                                       (abs)        0007FF
stacklo                                       (abs)        0006BA
start                                         init         00001A
start_initialization                          cinit        00053E
strlen@cp                                     cstackCOMRAM 000005
strlen@s                                      cstackCOMRAM 000001
transmitByte@data                             cstackCOMRAM 000006
transmitCommand@command                       cstackCOMRAM 000006
transmitDATA@data                             cstackCOMRAM 00000A
transmitDATA@datalen                          cstackCOMRAM 00000C
wait4BusFree@waitCount                        cstackCOMRAM 000001
wait4Start@waitCount                          cstackCOMRAM 000001
wait4Stop@waitCount                           cstackCOMRAM 000001


FUNCTION INFORMATION:

 *************** function _main *****************
 Defined at:
		line 52 in file "main.c"
 Parameters:    Size  Location     Type
		None
 Auto vars:     Size  Location     Type
		None
 Return value:  Size  Location     Type
                  1    wreg      void 
 Registers used:
		wreg, fsr2l, fsr2h, status,2, status,0, tblptrl, tblptrh, tblptru, prodl, prodh, cstack
 Tracked objects:
		On entry : 
		On exit  : 
		Unchanged: 
 Data sizes:     COMRAM   BANK0   BANK1   BANK2   BANK3   BANK4   BANK5   BANK6   BANK7
      Params:         0       0       0       0       0       0       0       0       0
      Locals:         0       0       0       0       0       0       0       0       0
      Temps:          0       0       0       0       0       0       0       0       0
      Totals:         0       0       0       0       0       0       0       0       0
Total ram usage:        0 bytes
 Hardware stack levels required when called:    9
 This function calls:
		_SYSTEM_Initialize
		_clearScreen
		_init_OLED
		_print2Screen
 This function is called by:
		Startup code after reset
 This function uses a non-reentrant model


 *************** function _print2Screen *****************
 Defined at:
		line 118 in file "OLED.c"
 Parameters:    Size  Location     Type
  row             1    wreg     unsigned char 
  column          1   19[COMRAM] unsigned char 
  data            2   20[COMRAM] PTR unsigned char 
		 -> STR_1(12), 
 Auto vars:     Size  Location     Type
  row             1   36[COMRAM] unsigned char 
  character       2   34[COMRAM] int 
  k               1   39[COMRAM] unsigned char 
  pixelVal        5   29[COMRAM] unsigned char [5]
  i               2   37[COMRAM] int 
  current_colu    2   27[COMRAM] int 
  current_row     2   25[COMRAM] int 
 Return value:  Size  Location     Type
                  1    wreg      void 
 Registers used:
		wreg, fsr2l, fsr2h, status,2, status,0, tblptrl, tblptrh, tblptru, prodl, prodh, cstack
 Tracked objects:
		On entry : 
		On exit  : 
		Unchanged: 
 Data sizes:     COMRAM   BANK0   BANK1   BANK2   BANK3   BANK4   BANK5   BANK6   BANK7
      Params:         3       0       0       0       0       0       0       0       0
      Locals:        15       0       0       0       0       0       0       0       0
      Temps:          3       0       0       0       0       0       0       0       0
      Totals:        21       0       0       0       0       0       0       0       0
Total ram usage:       21 bytes
 Hardware stack levels used:    1
 Hardware stack levels required when called:    8
 This function calls:
		___wmul
		_setCursorPosition
		_strlen
		_transmitByte
		_transmitDATA
 This function is called by:
		_main
 This function uses a non-reentrant model


 *************** function _transmitByte *****************
 Defined at:
		line 108 in file "OLED.c"
 Parameters:    Size  Location     Type
  data            1    wreg     unsigned char 
 Auto vars:     Size  Location     Type
  data            1    5[COMRAM] unsigned char 
 Return value:  Size  Location     Type
                  1    wreg      void 
 Registers used:
		wreg, status,2, status,0, cstack
 Tracked objects:
		On entry : 
		On exit  : 
		Unchanged: 
 Data sizes:     COMRAM   BANK0   BANK1   BANK2   BANK3   BANK4   BANK5   BANK6   BANK7
      Params:         0       0       0       0       0       0       0       0       0
      Locals:         1       0       0       0       0       0       0       0       0
      Temps:          0       0       0       0       0       0       0       0       0
      Totals:         1       0       0       0       0       0       0       0       0
Total ram usage:        1 bytes
 Hardware stack levels used:    1
 Hardware stack levels required when called:    6
 This function calls:
		_i2c1_write1ByteRegister
 This function is called by:
		_print2Screen
 This function uses a non-reentrant model


 *************** function _strlen *****************
 Defined at:
		line 4 in file "C:\Program Files (x86)\Microchip\xc8\v1.45\sources\common\strlen.c"
 Parameters:    Size  Location     Type
  s               2    0[COMRAM] PTR const unsigned char 
		 -> STR_1(12), 
 Auto vars:     Size  Location     Type
  cp              2    4[COMRAM] PTR const unsigned char 
		 -> STR_1(12), 
 Return value:  Size  Location     Type
                  2    0[COMRAM] unsigned int 
 Registers used:
		wreg, status,2, status,0, tblptrl, tblptrh, tblptru
 Tracked objects:
		On entry : 
		On exit  : 
		Unchanged: 
 Data sizes:     COMRAM   BANK0   BANK1   BANK2   BANK3   BANK4   BANK5   BANK6   BANK7
      Params:         2       0       0       0       0       0       0       0       0
      Locals:         2       0       0       0       0       0       0       0       0
      Temps:          2       0       0       0       0       0       0       0       0
      Totals:         6       0       0       0       0       0       0       0       0
Total ram usage:        6 bytes
 Hardware stack levels used:    1
 Hardware stack levels required when called:    4
 This function calls:
		Nothing
 This function is called by:
		_print2Screen
 This function uses a non-reentrant model


 *************** function _setCursorPosition *****************
 Defined at:
		line 88 in file "OLED.c"
 Parameters:    Size  Location     Type
  row             2    6[COMRAM] int 
  column          2    8[COMRAM] int 
 Auto vars:     Size  Location     Type
  upperAddress    2   17[COMRAM] int 
  lowerAddress    2   15[COMRAM] int 
  page            2   13[COMRAM] int 
 Return value:  Size  Location     Type
                  1    wreg      void 
 Registers used:
		wreg, status,2, status,0, cstack
 Tracked objects:
		On entry : 
		On exit  : 
		Unchanged: 
 Data sizes:     COMRAM   BANK0   BANK1   BANK2   BANK3   BANK4   BANK5   BANK6   BANK7
      Params:         4       0       0       0       0       0       0       0       0
      Locals:         6       0       0       0       0       0       0       0       0
      Temps:          3       0       0       0       0       0       0       0       0
      Totals:        13       0       0       0       0       0       0       0       0
Total ram usage:       13 bytes
 Hardware stack levels used:    1
 Hardware stack levels required when called:    7
 This function calls:
		_transmitCommand
 This function is called by:
		_print2Screen
 This function uses a non-reentrant model


 *************** function ___wmul *****************
 Defined at:
		line 15 in file "C:\Program Files (x86)\Microchip\xc8\v1.45\sources\common\Umul16.c"
 Parameters:    Size  Location     Type
  multiplier      2    0[COMRAM] unsigned int 
  multiplicand    2    2[COMRAM] unsigned int 
 Auto vars:     Size  Location     Type
  product         2    4[COMRAM] unsigned int 
 Return value:  Size  Location     Type
                  2    0[COMRAM] unsigned int 
 Registers used:
		wreg, status,2, status,0, prodl, prodh
 Tracked objects:
		On entry : 
		On exit  : 
		Unchanged: 
 Data sizes:     COMRAM   BANK0   BANK1   BANK2   BANK3   BANK4   BANK5   BANK6   BANK7
      Params:         4       0       0       0       0       0       0       0       0
      Locals:         2       0       0       0       0       0       0       0       0
      Temps:          0       0       0       0       0       0       0       0       0
      Totals:         6       0       0       0       0       0       0       0       0
Total ram usage:        6 bytes
 Hardware stack levels used:    1
 Hardware stack levels required when called:    4
 This function calls:
		Nothing
 This function is called by:
		_print2Screen
 This function uses a non-reentrant model


 *************** function _init_OLED *****************
 Defined at:
		line 13 in file "OLED.c"
 Parameters:    Size  Location     Type
		None
 Auto vars:     Size  Location     Type
		None
 Return value:  Size  Location     Type
                  1    wreg      void 
 Registers used:
		wreg, status,2, status,0, cstack
 Tracked objects:
		On entry : 
		On exit  : 
		Unchanged: 
 Data sizes:     COMRAM   BANK0   BANK1   BANK2   BANK3   BANK4   BANK5   BANK6   BANK7
      Params:         0       0       0       0       0       0       0       0       0
      Locals:         0       0       0       0       0       0       0       0       0
      Temps:          0       0       0       0       0       0       0       0       0
      Totals:         0       0       0       0       0       0       0       0       0
Total ram usage:        0 bytes
 Hardware stack levels used:    1
 Hardware stack levels required when called:    7
 This function calls:
		_transmitCommand
 This function is called by:
		_main
 This function uses a non-reentrant model


 *************** function _clearScreen *****************
 Defined at:
		line 75 in file "OLED.c"
 Parameters:    Size  Location     Type
		None
 Auto vars:     Size  Location     Type
  i               2   17[COMRAM] int 
 Return value:  Size  Location     Type
                  1    wreg      void 
 Registers used:
		wreg, fsr2l, fsr2h, status,2, status,0, cstack
 Tracked objects:
		On entry : 
		On exit  : 
		Unchanged: 
 Data sizes:     COMRAM   BANK0   BANK1   BANK2   BANK3   BANK4   BANK5   BANK6   BANK7
      Params:         0       0       0       0       0       0       0       0       0
      Locals:         2       0       0       0       0       0       0       0       0
      Temps:          0       0       0       0       0       0       0       0       0
      Totals:         2       0       0       0       0       0       0       0       0
Total ram usage:        2 bytes
 Hardware stack levels used:    1
 Hardware stack levels required when called:    8
 This function calls:
		_clearRow
		_transmitCommand
 This function is called by:
		_main
 This function uses a non-reentrant model


 *************** function _clearRow *****************
 Defined at:
		line 63 in file "OLED.c"
 Parameters:    Size  Location     Type
  row             1    wreg     unsigned char 
 Auto vars:     Size  Location     Type
  row             1   14[COMRAM] unsigned char 
  i               2   15[COMRAM] int 
  page            2   12[COMRAM] int 
 Return value:  Size  Location     Type
                  1    wreg      void 
 Registers used:
		wreg, fsr2l, fsr2h, status,2, status,0, cstack
 Tracked objects:
		On entry : 
		On exit  : 
		Unchanged: 
 Data sizes:     COMRAM   BANK0   BANK1   BANK2   BANK3   BANK4   BANK5   BANK6   BANK7
      Params:         0       0       0       0       0       0       0       0       0
      Locals:         5       0       0       0       0       0       0       0       0
      Temps:          0       0       0       0       0       0       0       0       0
      Totals:         5       0       0       0       0       0       0       0       0
Total ram usage:        5 bytes
 Hardware stack levels used:    1
 Hardware stack levels required when called:    7
 This function calls:
		_transmitCommand
		_transmitDATA
 This function is called by:
		_clearScreen
 This function uses a non-reentrant model


 *************** function _transmitDATA *****************
 Defined at:
		line 113 in file "OLED.c"
 Parameters:    Size  Location     Type
  data            2    9[COMRAM] PTR unsigned char 
		 -> print2Screen@pixelVal(5), leftOver(4), clearPixel(32), 
  datalen         1   11[COMRAM] unsigned char 
 Auto vars:     Size  Location     Type
		None
 Return value:  Size  Location     Type
                  1    wreg      void 
 Registers used:
		wreg, fsr2l, fsr2h, status,2, status,0, cstack
 Tracked objects:
		On entry : 
		On exit  : 
		Unchanged: 
 Data sizes:     COMRAM   BANK0   BANK1   BANK2   BANK3   BANK4   BANK5   BANK6   BANK7
      Params:         3       0       0       0       0       0       0       0       0
      Locals:         0       0       0       0       0       0       0       0       0
      Temps:          0       0       0       0       0       0       0       0       0
      Totals:         3       0       0       0       0       0       0       0       0
Total ram usage:        3 bytes
 Hardware stack levels used:    1
 Hardware stack levels required when called:    6
 This function calls:
		_i2c1_writeNBytes
 This function is called by:
		_clearRow
		_print2Screen
 This function uses a non-reentrant model


 *************** function _i2c1_writeNBytes *****************
 Defined at:
		line 230 in file "mcc_generated_files/i2c1.c"
 Parameters:    Size  Location     Type
  address         1    wreg     unsigned char 
  reg             1    2[COMRAM] unsigned char 
  data            2    3[COMRAM] PTR void 
		 -> print2Screen@pixelVal(5), leftOver(4), clearPixel(32), 
  len             1    5[COMRAM] unsigned char 
 Auto vars:     Size  Location     Type
  address         1    6[COMRAM] unsigned char 
  dataPointer     2    7[COMRAM] PTR unsigned char 
		 -> print2Screen@pixelVal(5), leftOver(4), clearPixel(32), 
 Return value:  Size  Location     Type
                  1    wreg      void 
 Registers used:
		wreg, fsr2l, fsr2h, status,2, status,0, cstack
 Tracked objects:
		On entry : 
		On exit  : 
		Unchanged: 
 Data sizes:     COMRAM   BANK0   BANK1   BANK2   BANK3   BANK4   BANK5   BANK6   BANK7
      Params:         4       0       0       0       0       0       0       0       0
      Locals:         3       0       0       0       0       0       0       0       0
      Temps:          0       0       0       0       0       0       0       0       0
      Totals:         7       0       0       0       0       0       0       0       0
Total ram usage:        7 bytes
 Hardware stack levels used:    1
 Hardware stack levels required when called:    5
 This function calls:
		_I2C1_Initialize
		_sendByte
		_wait4BusFree
		_wait4Start
		_wait4Stop
 This function is called by:
		_transmitDATA
 This function uses a non-reentrant model


 *************** function _transmitCommand *****************
 Defined at:
		line 103 in file "OLED.c"
 Parameters:    Size  Location     Type
  command         1    wreg     unsigned char 
 Auto vars:     Size  Location     Type
  command         1    5[COMRAM] unsigned char 
 Return value:  Size  Location     Type
                  1    wreg      void 
 Registers used:
		wreg, status,2, status,0, cstack
 Tracked objects:
		On entry : 
		On exit  : 
		Unchanged: 
 Data sizes:     COMRAM   BANK0   BANK1   BANK2   BANK3   BANK4   BANK5   BANK6   BANK7
      Params:         0       0       0       0       0       0       0       0       0
      Locals:         1       0       0       0       0       0       0       0       0
      Temps:          0       0       0       0       0       0       0       0       0
      Totals:         1       0       0       0       0       0       0       0       0
Total ram usage:        1 bytes
 Hardware stack levels used:    1
 Hardware stack levels required when called:    6
 This function calls:
		_i2c1_write1ByteRegister
 This function is called by:
		_init_OLED
		_clearRow
		_clearScreen
		_setCursorPosition
		_powerUP
		_powerDown
 This function uses a non-reentrant model


 *************** function _i2c1_write1ByteRegister *****************
 Defined at:
		line 203 in file "mcc_generated_files/i2c1.c"
 Parameters:    Size  Location     Type
  address         1    wreg     unsigned char 
  reg             1    2[COMRAM] unsigned char 
  data            1    3[COMRAM] unsigned char 
 Auto vars:     Size  Location     Type
  address         1    4[COMRAM] unsigned char 
 Return value:  Size  Location     Type
                  1    wreg      void 
 Registers used:
		wreg, status,2, status,0, cstack
 Tracked objects:
		On entry : 
		On exit  : 
		Unchanged: 
 Data sizes:     COMRAM   BANK0   BANK1   BANK2   BANK3   BANK4   BANK5   BANK6   BANK7
      Params:         2       0       0       0       0       0       0       0       0
      Locals:         1       0       0       0       0       0       0       0       0
      Temps:          0       0       0       0       0       0       0       0       0
      Totals:         3       0       0       0       0       0       0       0       0
Total ram usage:        3 bytes
 Hardware stack levels used:    1
 Hardware stack levels required when called:    5
 This function calls:
		_I2C1_Initialize
		_sendByte
		_wait4BusFree
		_wait4Start
		_wait4Stop
 This function is called by:
		_transmitCommand
		_transmitByte
 This function uses a non-reentrant model


 *************** function _wait4Stop *****************
 Defined at:
		line 162 in file "mcc_generated_files/i2c1.c"
 Parameters:    Size  Location     Type
		None
 Auto vars:     Size  Location     Type
  waitCount       1    0[COMRAM] unsigned char 
 Return value:  Size  Location     Type
                  1    wreg      void 
 Registers used:
		wreg, status,2
 Tracked objects:
		On entry : 
		On exit  : 
		Unchanged: 
 Data sizes:     COMRAM   BANK0   BANK1   BANK2   BANK3   BANK4   BANK5   BANK6   BANK7
      Params:         0       0       0       0       0       0       0       0       0
      Locals:         1       0       0       0       0       0       0       0       0
      Temps:          0       0       0       0       0       0       0       0       0
      Totals:         1       0       0       0       0       0       0       0       0
Total ram usage:        1 bytes
 Hardware stack levels used:    1
 Hardware stack levels required when called:    4
 This function calls:
		Nothing
 This function is called by:
		_i2c1_write1ByteRegister
		_i2c1_writeNBytes
		_i2c1_write2ByteRegister
		_i2c1_read1ByteRegister
		_i2c1_read2ByteRegister
		_i2c1_readDataBlock
		_i2c1_readNBytes
 This function uses a non-reentrant model


 *************** function _wait4Start *****************
 Defined at:
		line 80 in file "mcc_generated_files/i2c1.c"
 Parameters:    Size  Location     Type
		None
 Auto vars:     Size  Location     Type
  waitCount       1    0[COMRAM] unsigned char 
 Return value:  Size  Location     Type
                  1    wreg      void 
 Registers used:
		wreg, status,2
 Tracked objects:
		On entry : 
		On exit  : 
		Unchanged: 
 Data sizes:     COMRAM   BANK0   BANK1   BANK2   BANK3   BANK4   BANK5   BANK6   BANK7
      Params:         0       0       0       0       0       0       0       0       0
      Locals:         1       0       0       0       0       0       0       0       0
      Temps:          0       0       0       0       0       0       0       0       0
      Totals:         1       0       0       0       0       0       0       0       0
Total ram usage:        1 bytes
 Hardware stack levels used:    1
 Hardware stack levels required when called:    4
 This function calls:
		Nothing
 This function is called by:
		_i2c1_write1ByteRegister
		_i2c1_writeNBytes
		_i2c1_write2ByteRegister
		_i2c1_read1ByteRegister
		_i2c1_read2ByteRegister
		_i2c1_readDataBlock
		_i2c1_readNBytes
 This function uses a non-reentrant model


 *************** function _wait4BusFree *****************
 Defined at:
		line 100 in file "mcc_generated_files/i2c1.c"
 Parameters:    Size  Location     Type
		None
 Auto vars:     Size  Location     Type
  waitCount       1    0[COMRAM] unsigned char 
 Return value:  Size  Location     Type
                  1    wreg      void 
 Registers used:
		wreg, status,2
 Tracked objects:
		On entry : 
		On exit  : 
		Unchanged: 
 Data sizes:     COMRAM   BANK0   BANK1   BANK2   BANK3   BANK4   BANK5   BANK6   BANK7
      Params:         0       0       0       0       0       0       0       0       0
      Locals:         1       0       0       0       0       0       0       0       0
      Temps:          0       0       0       0       0       0       0       0       0
      Totals:         1       0       0       0       0       0       0       0       0
Total ram usage:        1 bytes
 Hardware stack levels used:    1
 Hardware stack levels required when called:    4
 This function calls:
		Nothing
 This function is called by:
		_i2c1_write1ByteRegister
		_i2c1_writeNBytes
		_i2c1_write2ByteRegister
		_i2c1_read1ByteRegister
		_i2c1_read2ByteRegister
		_i2c1_readDataBlock
		_i2c1_readNBytes
 This function uses a non-reentrant model


 *************** function _sendByte *****************
 Defined at:
		line 120 in file "mcc_generated_files/i2c1.c"
 Parameters:    Size  Location     Type
  data            1    wreg     unsigned char 
 Auto vars:     Size  Location     Type
  data            1    0[COMRAM] unsigned char 
  delayCounter    1    1[COMRAM] unsigned char 
 Return value:  Size  Location     Type
                  1    wreg      void 
 Registers used:
		wreg, status,2
 Tracked objects:
		On entry : 
		On exit  : 
		Unchanged: 
 Data sizes:     COMRAM   BANK0   BANK1   BANK2   BANK3   BANK4   BANK5   BANK6   BANK7
      Params:         0       0       0       0       0       0       0       0       0
      Locals:         2       0       0       0       0       0       0       0       0
      Temps:          0       0       0       0       0       0       0       0       0
      Totals:         2       0       0       0       0       0       0       0       0
Total ram usage:        2 bytes
 Hardware stack levels used:    1
 Hardware stack levels required when called:    4
 This function calls:
		Nothing
 This function is called by:
		_i2c1_write1ByteRegister
		_i2c1_writeNBytes
		_i2c1_write2ByteRegister
		_i2c1_read1ByteRegister
		_i2c1_read2ByteRegister
		_i2c1_readDataBlock
 This function uses a non-reentrant model


 *************** function _SYSTEM_Initialize *****************
 Defined at:
		line 50 in file "mcc_generated_files/mcc.c"
 Parameters:    Size  Location     Type
		None
 Auto vars:     Size  Location     Type
		None
 Return value:  Size  Location     Type
                  1    wreg      void 
 Registers used:
		wreg, status,2, status,0, cstack
 Tracked objects:
		On entry : 
		On exit  : 
		Unchanged: 
 Data sizes:     COMRAM   BANK0   BANK1   BANK2   BANK3   BANK4   BANK5   BANK6   BANK7
      Params:         0       0       0       0       0       0       0       0       0
      Locals:         0       0       0       0       0       0       0       0       0
      Temps:          0       0       0       0       0       0       0       0       0
      Totals:         0       0       0       0       0       0       0       0       0
Total ram usage:        0 bytes
 Hardware stack levels used:    1
 Hardware stack levels required when called:    6
 This function calls:
		_I2C1_Initialize
		_INTERRUPT_Initialize
		_OSCILLATOR_Initialize
		_PIN_MANAGER_Initialize
		_PMD_Initialize
		_TMR0_Initialize
		_TMR2_Initialize
		_UART1_Initialize
 This function is called by:
		_main
 This function uses a non-reentrant model


 *************** function _UART1_Initialize *****************
 Defined at:
		line 86 in file "mcc_generated_files/uart1.c"
 Parameters:    Size  Location     Type
		None
 Auto vars:     Size  Location     Type
		None
 Return value:  Size  Location     Type
                  1    wreg      void 
 Registers used:
		wreg, status,2, status,0, cstack
 Tracked objects:
		On entry : 
		On exit  : 
		Unchanged: 
 Data sizes:     COMRAM   BANK0   BANK1   BANK2   BANK3   BANK4   BANK5   BANK6   BANK7
      Params:         0       0       0       0       0       0       0       0       0
      Locals:         0       0       0       0       0       0       0       0       0
      Temps:          0       0       0       0       0       0       0       0       0
      Totals:         0       0       0       0       0       0       0       0       0
Total ram usage:        0 bytes
 Hardware stack levels used:    1
 Hardware stack levels required when called:    5
 This function calls:
		_UART1_SetErrorHandler
		_UART1_SetFramingErrorHandler
		_UART1_SetOverrunErrorHandler
		_UART1_SetRxInterruptHandler
		_UART1_SetTxInterruptHandler
 This function is called by:
		_SYSTEM_Initialize
 This function uses a non-reentrant model


 *************** function _UART1_SetTxInterruptHandler *****************
 Defined at:
		line 318 in file "mcc_generated_files/uart1.c"
 Parameters:    Size  Location     Type
  InterruptHan    2    0[COMRAM] PTR FTN()void 
		 -> UART1_Transmit_ISR(1), 
 Auto vars:     Size  Location     Type
		None
 Return value:  Size  Location     Type
                  1    wreg      void 
 Registers used:
		wreg, status,2, status,0
 Tracked objects:
		On entry : 
		On exit  : 
		Unchanged: 
 Data sizes:     COMRAM   BANK0   BANK1   BANK2   BANK3   BANK4   BANK5   BANK6   BANK7
      Params:         2       0       0       0       0       0       0       0       0
      Locals:         0       0       0       0       0       0       0       0       0
      Temps:          0       0       0       0       0       0       0       0       0
      Totals:         2       0       0       0       0       0       0       0       0
Total ram usage:        2 bytes
 Hardware stack levels used:    1
 Hardware stack levels required when called:    4
 This function calls:
		Nothing
 This function is called by:
		_UART1_Initialize
 This function uses a non-reentrant model


 *************** function _UART1_SetRxInterruptHandler *****************
 Defined at:
		line 314 in file "mcc_generated_files/uart1.c"
 Parameters:    Size  Location     Type
  InterruptHan    2    0[COMRAM] PTR FTN()void 
		 -> UART1_Receive_ISR(1), 
 Auto vars:     Size  Location     Type
		None
 Return value:  Size  Location     Type
                  1    wreg      void 
 Registers used:
		wreg, status,2, status,0
 Tracked objects:
		On entry : 
		On exit  : 
		Unchanged: 
 Data sizes:     COMRAM   BANK0   BANK1   BANK2   BANK3   BANK4   BANK5   BANK6   BANK7
      Params:         2       0       0       0       0       0       0       0       0
      Locals:         0       0       0       0       0       0       0       0       0
      Temps:          0       0       0       0       0       0       0       0       0
      Totals:         2       0       0       0       0       0       0       0       0
Total ram usage:        2 bytes
 Hardware stack levels used:    1
 Hardware stack levels required when called:    4
 This function calls:
		Nothing
 This function is called by:
		_UART1_Initialize
 This function uses a non-reentrant model


 *************** function _UART1_SetOverrunErrorHandler *****************
 Defined at:
		line 304 in file "mcc_generated_files/uart1.c"
 Parameters:    Size  Location     Type
  interruptHan    2    0[COMRAM] PTR FTN()void 
		 -> UART1_DefaultOverrunErrorHandler(1), 
 Auto vars:     Size  Location     Type
		None
 Return value:  Size  Location     Type
                  1    wreg      void 
 Registers used:
		wreg, status,2, status,0
 Tracked objects:
		On entry : 
		On exit  : 
		Unchanged: 
 Data sizes:     COMRAM   BANK0   BANK1   BANK2   BANK3   BANK4   BANK5   BANK6   BANK7
      Params:         2       0       0       0       0       0       0       0       0
      Locals:         0       0       0       0       0       0       0       0       0
      Temps:          0       0       0       0       0       0       0       0       0
      Totals:         2       0       0       0       0       0       0       0       0
[...]
 This function uses a non-reentrant model


 *************** function _UART1_SetErrorHandler *****************
 Defined at:
		line 308 in file "mcc_generated_files/uart1.c"
 Parameters:    Size  Location     Type
  interruptHan    2    0[COMRAM] PTR FTN()void 
		 -> UART1_DefaultErrorHandler(1), 
 Auto vars:     Size  Location     Type
		None
 Return value:  Size  Location     Type
                  1    wreg      void 
 Registers used:
		wreg, status,2, status,0
 Tracked objects:
		On entry : 
		On exit  : 
		Unchanged: 
 Data sizes:     COMRAM   BANK0   BANK1   BANK2   BANK3   BANK4   BANK5   BANK6   BANK7
      Params:         2       0       0       0       0       0       0       0       0
      Locals:         0       0       0       0       0       0       0       0       0
      Temps:          0       0       0       0       0       0       0       0       0
      Totals:         2       0       0       0       0       0       0       0       0
Total ram usage:        2 bytes
 Hardware stack levels used:    1
 Hardware stack levels required when called:    4
 This function calls:
		Nothing
 This function is called by:
		_UART1_Initialize
 This function uses a non-reentrant model


 *************** function _TMR2_Initialize *****************
 Defined at:
		line 62 in file "mcc_generated_files/tmr2.c"
 Parameters:    Size  Location     Type
		None
 Auto vars:     Size  Location     Type
		None
 Return value:  Size  Location     Type
                  1    wreg      void 
 Registers used:
		wreg, status,2
 Tracked objects:
		On entry : 
		On exit  : 
		Unchanged: 
 Data sizes:     COMRAM   BANK0   BANK1   BANK2   BANK3   BANK4   BANK5   BANK6   BANK7
      Params:         0       0       0       0       0       0       0       0       0
      Locals:         0       0       0       0       0       0       0       0       0
      Temps:          0       0       0       0       0       0       0       0       0
      Totals:         0       0       0       0       0       0       0       0       0
Total ram usage:        0 bytes
 Hardware stack levels used:    1
 Hardware stack levels required when called:    4
 This function calls:
		Nothing
 This function is called by:
		_SYSTEM_Initialize
 This function uses a non-reentrant model


 *************** function _TMR0_Initialize *****************
 Defined at:
		line 65 in file "mcc_generated_files/tmr0.c"
 Parameters:    Size  Location     Type
		None
 Auto vars:     Size  Location     Type
		None
 Return value:  Size  Location     Type
                  1    wreg      void 
 Registers used:
		wreg, status,2, status,0
 Tracked objects:
		On entry : 
		On exit  : 
		Unchanged: 
 Data sizes:     COMRAM   BANK0   BANK1   BANK2   BANK3   BANK4   BANK5   BANK6   BANK7
      Params:         0       0       0       0       0       0       0       0       0
      Locals:         0       0       0       0       0       0       0       0       0
      Temps:          2       0       0       0       0       0       0       0       0
      Totals:         2       0       0       0       0       0       0       0       0
Total ram usage:        2 bytes
 Hardware stack levels used:    1
 Hardware stack levels required when called:    4
 This function calls:
		Nothing
 This function is called by:
		_SYSTEM_Initialize
 This function uses a non-reentrant model


 *************** function _PMD_Initialize *****************
 Defined at:
		line 76 in file "mcc_generated_files/mcc.c"
 Parameters:    Size  Location     Type
		None
 Auto vars:     Size  Location     Type
		None
 Return value:  Size  Location     Type
                  1    wreg      void 
 Registers used:
		wreg, status,2
 Tracked objects:
		On entry : 
		On exit  : 
		Unchanged: 
 Data sizes:     COMRAM   BANK0   BANK1   BANK2   BANK3   BANK4   BANK5   BANK6   BANK7
      Params:         0       0       0       0       0       0       0       0       0
      Locals:         0       0       0       0       0       0       0       0       0
      Temps:          0       0       0       0       0       0       0       0       0
      Totals:         0       0       0       0       0       0       0       0       0
Total ram usage:        0 bytes
 Hardware stack levels used:    1
 Hardware stack levels required when called:    4
 This function calls:
		Nothing
 This function is called by:
		_SYSTEM_Initialize
 This function uses a non-reentrant model


 *************** function _PIN_MANAGER_Initialize *****************
 Defined at:
		line 55 in file "mcc_generated_files/pin_manager.c"
 Parameters:    Size  Location     Type
		None
 Auto vars:     Size  Location     Type
		None
 Return value:  Size  Location     Type
                  1    wreg      void 
 Registers used:
		wreg, status,2
 Tracked objects:
		On entry : 
		On exit  : 
		Unchanged: 
 Data sizes:     COMRAM   BANK0   BANK1   BANK2   BANK3   BANK4   BANK5   BANK6   BANK7
      Params:         0       0       0       0       0       0       0       0       0
      Locals:         0       0       0       0       0       0       0       0       0
      Temps:          0       0       0       0       0       0       0       0       0
      Totals:         0       0       0       0       0       0       0       0       0
Total ram usage:        0 bytes
 Hardware stack levels used:    1
 Hardware stack levels required when called:    4
 This function calls:
		Nothing
 This function is called by:
		_SYSTEM_Initialize
 This function uses a non-reentrant model


 *************** function _OSCILLATOR_Initialize *****************
 Defined at:
		line 62 in file "mcc_generated_files/mcc.c"
 Parameters:    Size  Location     Type
		None
 Auto vars:     Size  Location     Type
		None
 Return value:  Size  Location     Type
                  1    wreg      void 
 Registers used:
		wreg, status,2
 Tracked objects:
		On entry : 
		On exit  : 
		Unchanged: 
 Data sizes:     COMRAM   BANK0   BANK1   BANK2   BANK3   BANK4   BANK5   BANK6   BANK7
      Params:         0       0       0       0       0       0       0       0       0
      Locals:         0       0       0       0       0       0       0       0       0
      Temps:          0       0       0       0       0       0       0       0       0
      Totals:         0       0       0       0       0       0       0       0       0
Total ram usage:        0 bytes
 Hardware stack levels used:    1
 Hardware stack levels required when called:    4
 This function calls:
		Nothing
 This function is called by:
		_SYSTEM_Initialize
 This function uses a non-reentrant model


 *************** function _INTERRUPT_Initialize *****************
 Defined at:
		line 52 in file "mcc_generated_files/interrupt_manager.c"
 Parameters:    Size  Location     Type
		None
 Auto vars:     Size  Location     Type
		None
 Return value:  Size  Location     Type
                  1    wreg      void 
 Registers used:
		None
 Tracked objects:
		On entry : 
		On exit  : 
		Unchanged: 
 Data sizes:     COMRAM   BANK0   BANK1   BANK2   BANK3   BANK4   BANK5   BANK6   BANK7
      Params:         0       0       0       0       0       0       0       0       0
      Locals:         0       0       0       0       0       0       0       0       0
      Temps:          0       0       0       0       0       0       0       0       0
      Totals:         0       0       0       0       0       0       0       0       0
Total ram usage:        0 bytes
 Hardware stack levels used:    1
 Hardware stack levels required when called:    4
 This function calls:
		Nothing
 This function is called by:
		_SYSTEM_Initialize
 This function uses a non-reentrant model


 *************** function _I2C1_Initialize *****************
 Defined at:
		line 57 in file "mcc_generated_files/i2c1.c"
 Parameters:    Size  Location     Type
		None
 Auto vars:     Size  Location     Type
		None
 Return value:  Size  Location     Type
                  1    wreg      void 
 Registers used:
		wreg, status,2
 Tracked objects:
		On entry : 
		On exit  : 
		Unchanged: 
 Data sizes:     COMRAM   BANK0   BANK1   BANK2   BANK3   BANK4   BANK5   BANK6   BANK7
      Params:         0       0       0       0       0       0       0       0       0
      Locals:         0       0       0       0       0       0       0       0       0
      Temps:          0       0       0       0       0       0       0       0       0
      Totals:         0       0       0       0       0       0       0       0       0
Total ram usage:        0 bytes
 Hardware stack levels used:    1
 Hardware stack levels required when called:    4
 This function calls:
		Nothing
 This function is called by:
		_SYSTEM_Initialize
		_i2c1_write1ByteRegister
		_i2c1_writeNBytes
		_i2c1_write2ByteRegister
		_i2c1_read1ByteRegister
		_i2c1_read2ByteRegister
		_i2c1_readDataBlock
		_i2c1_readNBytes
 This function uses a non-reentrant model


 *************** function _INTERRUPT_InterruptManager *****************
 Defined at:
		line 58 in file "mcc_generated_files/interrupt_manager.c"
 Parameters:    Size  Location     Type
		None
 Auto vars:     Size  Location     Type
		None
 Return value:  Size  Location     Type
                  1    wreg      void 
 Registers used:
		wreg, fsr2l, fsr2h, status,2, status,0, pclath, tosl, prodl, prodh, cstack
 Tracked objects:
		On entry : 
		On exit  : 
		Unchanged: 
 Data sizes:     COMRAM   BANK0   BANK1   BANK2   BANK3   BANK4   BANK5   BANK6   BANK7
      Params:         0       0       0       0       0       0       0       0       0
      Locals:         0       0       0       0       0       0       0       0       0
      Temps:          0       0       0       0       0       0       0       0       0
      Totals:         0       0       0       0       0       0       0       0       0
Total ram usage:        0 bytes
 Hardware stack levels used:    1
 Hardware stack levels required when called:    3
 This function calls:
		Absolute function
		_UART1_Receive_ISR
		_UART1_Transmit_ISR
 This function is called by:
		Interrupt level 2
 This function uses a non-reentrant model


 *************** function _UART1_Transmit_ISR *****************
 Defined at:
		line 238 in file "mcc_generated_files/uart1.c"
 Parameters:    Size  Location     Type
		None
 Auto vars:     Size  Location     Type
		None
 Return value:  Size  Location     Type
                  1    wreg      void 
 Registers used:
		wreg, fsr2l, fsr2h, status,2, status,0, prodl, prodh
 Tracked objects:
		On entry : 
		On exit  : 
		Unchanged: 
 Data sizes:     COMRAM   BANK0   BANK1   BANK2   BANK3   BANK4   BANK5   BANK6   BANK7
      Params:         0       0       0       0       0       0       0       0       0
      Locals:         0       0       0       0       0       0       0       0       0
      Temps:          0       0       0       0       0       0       0       0       0
      Totals:         0       0       0       0       0       0       0       0       0
Total ram usage:        0 bytes
 Hardware stack levels used:    1
 This function calls:
		Nothing
 This function is called by:
		_UART1_Initialize
		_INTERRUPT_InterruptManager
 This function uses a non-reentrant model


 *************** function _UART1_Receive_ISR *****************
 Defined at:
		line 258 in file "mcc_generated_files/uart1.c"
 Parameters:    Size  Location     Type
		None
 Auto vars:     Size  Location     Type
		None
 Return value:  Size  Location     Type
                  1    wreg      void 
 Registers used:
		wreg, fsr2l, fsr2h, status,2, status,0, pclath, tosl, prodl, prodh, cstack
 Tracked objects:
		On entry : 
		On exit  : 
		Unchanged: 
 Data sizes:     COMRAM   BANK0   BANK1   BANK2   BANK3   BANK4   BANK5   BANK6   BANK7
      Params:         0       0       0       0       0       0       0       0       0
      Locals:         0       0       0       0       0       0       0       0       0
      Temps:          0       0       0       0       0       0       0       0       0
      Totals:         0       0       0       0       0       0       0       0       0
Total ram usage:        0 bytes
 Hardware stack levels used:    1
 Hardware stack levels required when called:    2
 This function calls:
		Absolute function
		_UART1_DefaultErrorHandler
		_UART1_DefaultFramingErrorHandler
		_UART1_DefaultOverrunErrorHandler
		_UART1_RxDataHandler
 This function is called by:
		_UART1_Initialize
		_INTERRUPT_InterruptManager
 This function uses a non-reentrant model


 *************** function _UART1_DefaultOverrunErrorHandler *****************
 Defined at:
		line 294 in file "mcc_generated_files/uart1.c"
 Parameters:    Size  Location     Type
		None
 Auto vars:     Size  Location     Type
		None
 Return value:  Size  Location     Type
                  1    wreg      void 
 Registers used:
		None
 Tracked objects:
		On entry : 
		On exit  : 
		Unchanged: 
 Data sizes:     COMRAM   BANK0   BANK1   BANK2   BANK3   BANK4   BANK5   BANK6   BANK7
      Params:         0       0       0       0       0       0       0       0       0
      Locals:         0       0       0       0       0       0       0       0       0
      Temps:          0       0       0       0       0       0       0       0       0
      Totals:         0       0       0       0       0       0       0       0       0
Total ram usage:        0 bytes
 Hardware stack levels used:    1
 This function calls:
		Nothing
 This function is called by:
		_UART1_Initialize
		_UART1_Receive_ISR
 This function uses a non-reentrant model


 *************** function _UART1_DefaultFramingErrorHandler *****************
 Defined at:
		line 292 in file "mcc_generated_files/uart1.c"
 Parameters:    Size  Location     Type
		None
 Auto vars:     Size  Location     Type
		None
 Return value:  Size  Location     Type
                  1    wreg      void 
 Registers used:
		None
 Tracked objects:
		On entry : 
		On exit  : 
		Unchanged: 
 Data sizes:     COMRAM   BANK0   BANK1   BANK2   BANK3   BANK4   BANK5   BANK6   BANK7
      Params:         0       0       0       0       0       0       0       0       0
      Locals:         0       0       0       0       0       0       0       0       0
      Temps:          0       0       0       0       0       0       0       0       0
      Totals:         0       0       0       0       0       0       0       0       0
Total ram usage:        0 bytes
 Hardware stack levels used:    1
 This function calls:
		Nothing
 This function is called by:
		_UART1_Initialize
		_UART1_Receive_ISR
 This function uses a non-reentrant model


 *************** function _UART1_DefaultErrorHandler *****************
 Defined at:
		line 296 in file "mcc_generated_files/uart1.c"
 Parameters:    Size  Location     Type
		None
 Auto vars:     Size  Location     Type
		None
 Return value:  Size  Location     Type
                  1    wreg      void 
 Registers used:
		wreg, fsr2l, fsr2h, status,2, status,0, prodl, prodh, cstack
 Tracked objects:
		On entry : 
		On exit  : 
		Unchanged: 
 Data sizes:     COMRAM   BANK0   BANK1   BANK2   BANK3   BANK4   BANK5   BANK6   BANK7
      Params:         0       0       0       0       0       0       0       0       0
      Locals:         0       0       0       0       0       0       0       0       0
      Temps:          0       0       0       0       0       0       0       0       0
      Totals:         0       0       0       0       0       0       0       0       0
Total ram usage:        0 bytes
 Hardware stack levels used:    1
 Hardware stack levels required when called:    1
 This function calls:
		_UART1_RxDataHandler
 This function is called by:
		_UART1_Initialize
		_UART1_Receive_ISR
 This function uses a non-reentrant model


 *************** function _UART1_RxDataHandler *****************
 Defined at:
		line 282 in file "mcc_generated_files/uart1.c"
 Parameters:    Size  Location     Type
		None
 Auto vars:     Size  Location     Type
		None
 Return value:  Size  Location     Type
                  1    wreg      void 
 Registers used:
		wreg, fsr2l, fsr2h, status,2, status,0, prodl, prodh
 Tracked objects:
		On entry : 
		On exit  : 
		Unchanged: 
 Data sizes:     COMRAM   BANK0   BANK1   BANK2   BANK3   BANK4   BANK5   BANK6   BANK7
      Params:         0       0       0       0       0       0       0       0       0
      Locals:         0       0       0       0       0       0       0       0       0
      Temps:          0       0       0       0       0       0       0       0       0
      Totals:         0       0       0       0       0       0       0       0       0
Total ram usage:        0 bytes
 Hardware stack levels used:    1
 This function calls:
		Nothing
 This function is called by:
		_UART1_Receive_ISR
		_UART1_DefaultErrorHandler
 This function uses a non-reentrant model



MODULE INFORMATION

Module		Function		Class		Link	Load	Size
mcc_generated_files/tmr2.c
		_TMR2_Initialize		CODE           	096A	0000	35

mcc_generated_files/tmr2.c estimated size: 35

mcc_generated_files/interrupt_manager.c
		_INTERRUPT_Initialize		CODE           	0A9E	0000	7
		_INTERRUPT_InterruptManager		CODE           	0772	0000	65

mcc_generated_files/interrupt_manager.c estimated size: 72

C:\Program Files (x86)\Microchip\xc8\v1.45\sources\common\Umul16.c
		___wmul        		CODE           	0882	0000	47

C:\Program Files (x86)\Microchip\xc8\v1.45\sources\common\Umul16.c estimated size: 47

mcc_generated_files/tmr0.c
		_TMR0_Initialize		CODE           	07EC	0000	53

mcc_generated_files/tmr0.c estimated size: 53

mcc_generated_files/i2c1.c
		_wait4BusFree  		CODE           	09FE	0000	27
		_wait4Stop     		CODE           	09CA	0000	27
		_wait4Start    		CODE           	09E4	0000	27
		_i2c1_write1ByteRegister		CODE           	0852	0000	49
		_sendByte      		CODE           	0900	0000	37
		_i2c1_writeNBytes		CODE           	06D2	0000	87
		_I2C1_Initialize		CODE           	08B0	0000	43

mcc_generated_files/i2c1.c estimated size: 297

mcc_generated_files/pin_manager.c
		_PIN_MANAGER_Initialize		CODE           	0624	0000	89

mcc_generated_files/pin_manager.c estimated size: 89

mcc_generated_files/uart1.c
		_UART1_SetFramingErrorHandler		CODE           	0A82	0000	15
		_UART1_SetOverrunErrorHandler		CODE           	0A74	0000	15
		_UART1_Receive_ISR		CODE           	03F2	0000	169
		_UART1_SetRxInterruptHandler		CODE           	0A66	0000	15
		_UART1_SetTxInterruptHandler		CODE           	0A58	0000	15
		_UART1_Initialize		CODE           	049A	0000	165
		_UART1_SetErrorHandler		CODE           	0A90	0000	15
		_UART1_Transmit_ISR		CODE           	0820	0000	51
		_UART1_DefaultFramingErrorHandler		CODE           	0AB0	0000	3
		_UART1_DefaultErrorHandler		CODE           	0AA4	0000	7
		_UART1_RxDataHandler		CODE           	08DA	0000	39
		_UART1_DefaultOverrunErrorHandler		CODE           	0AAE	0000	3

mcc_generated_files/uart1.c estimated size: 512

shared
		__initialization		CODE           	053E	0000	129
		_capFont       		MEDIUMCONST    	7EB3	0000	321

shared estimated size: 450

mcc_generated_files/mcc.c
		_PMD_Initialize		CODE           	0924	0000	37
		_OSCILLATOR_Initialize		CODE           	0A18	0000	25
		_SYSTEM_Initialize		CODE           	0948	0000	35

mcc_generated_files/mcc.c estimated size: 97

OLED.c
		_print2Screen  		CODE           	0258	0000	241
		_setCursorPosition		CODE           	067C	0000	87
		_clearRow      		CODE           	05C8	0000	93
		_clearScreen   		CODE           	07B2	0000	59
		_transmitCommand		CODE           	0A44	0000	21
		_init_OLED     		CODE           	0348	0000	171
		_transmitDATA  		CODE           	09AC	0000	31
		_transmitByte  		CODE           	0A30	0000	21

OLED.c estimated size: 724

main.c
		_main          		CODE           	098C	0000	33

main.c estimated size: 33

C:\Program Files (x86)\Microchip\xc8\v1.45\sources\common\strlen.c
		_strlen        		CODE           	0728	0000	75

C:\Program Files (x86)\Microchip\xc8\v1.45\sources\common\strlen.c estimated size: 75

