Microchip MPLAB XC8 Compiler V1.45 ()

Linker command line:

-W-3 --edf=C:\Program Files (x86)\Microchip\xc8\v1.45\dat\en_msgs.txt \
  -pivt0x8=08h -cs \
  -h+dist/default/production\WATTBANK_S_SERIES.X.production.sym \
  --cmf=dist/default/production\WATTBANK_S_SERIES.X.production.cmf -z \
  -Q18F26K42 -oC:\Users\ENRSAO~1\AppData\Local\Temp\savg.2 \
  -Mdist/default/production/WATTBANK_S_SERIES.X.production.map -E1 -ver=XC8 \
  -ASTACK=0393h-0fffh -pstack=STACK -ACODE=00h-0FFFFh -ACONST=00h-0FFFFh \
  -ASMALLCONST=01000h-010FFhx240 -AMEDIUMCONST=01000h-0FFFFh \
  -ACOMRAM=01h-05Fh -AABS1=00h-0FFFh -ABIGRAM=01h-0FFFh \
  -ARAM=060h-0FFh,0100h-01FFhx15 -ABANK0=060h-0FFh -ABANK1=0100h-01FFh \
  -ABANK2=0200h-02FFh -ABANK3=0300h-03FFh -ABANK4=0400h-04FFh \
  -ABANK5=0500h-05FFh -ABANK6=0600h-06FFh -ABANK7=0700h-07FFh \
  -ABANK8=0800h-08FFh -ABANK9=0900h-09FFh -ABANK10=0A00h-0AFFh \
  -ABANK11=0B00h-0BFFh -ABANK12=0C00h-0CFFh -ABANK13=0D00h-0DFFh \
  -ABANK14=0E00h-0EFFh -ABANK15=0F00h-0FFFh \
  -ASFR=03800h-038FFhx7,03F00h-03F5Fh,03F60h-03FFFh -preset_vec=00h \
  -ppowerup=CODE,init -pramtop=01000h -psmallconst=SMALLCONST \
  -pmediumconst=MEDIUMCONST -pconst=CONST -AFARRAM=00h-00h \
  -ACONFIG=0300000h-0300009h -pconfig=CONFIG -AIDLOC=0200000h-020000Fh \
  -pidloc=IDLOC -AEEDATA=0310000h-03103FFh -peeprom_data=EEDATA \
  -prdata=COMRAM,nvrram=COMRAM,nvbit=COMRAM,rbss=COMRAM,rbit=COMRAM \
  -pfarbss=FARRAM,fardata=FARRAM,nvFARRAM=FARRAM \
  -pintsave_regs=BIGRAM,bigbss=BIGRAM,bigdata=BIGRAM -pbss=RAM \
  -pidata=CODE,irdata=CODE,ibigdata=CODE,ifardata=CODE -prparam=COMRAM \
  C:\Users\ENRSAO~1\AppData\Local\Temp\savg.obj \
  dist/default/production\WATTBANK_S_SERIES.X.production.obj 

Object code version is 3.11

Machine type is 18F26K42

Call graph: (short form)




                Name                               Link     Load   Length Selector   Space Scale
C:\Users\ENRSAO~1\AppData\Local\Temp\savg.obj
                init                                 1A       1A        4        4       0
                reset_vec                             0        0        4        0       0
                idloc                            200000   200000       10   200000       0
                config                           300000   300000        A   300000       0
dist/default/production\WATTBANK_S_SERIES.X.production.obj
                mediumconst                        FD40     FD40      2C0     7EA0       0
                ivt0x8                                8        8       12        4       0
                text145                            4BBC     4BBC       74        4       0
                text144                            4F96     4F96       62        4       0
                text143                            576A     576A       34        4       0
                text142                            5CA0     5CA0        6     2D59       0
                text141                            5A6E     5A6E       22        4       0
                text140                            56CC     56CC       36        4       0
                text139                            5996     5996       28        4       0
                text138                            5C9A     5C9A        6     2D59       0
                text137                            5CB2     5CB2        2     2E56       0
                text136                            5CB0     5CB0        2     2E56       0
                text135                            4124     4124       AC        4       0
                text134                            5624     5624       3A        4       0
                text133                            596E     596E       28        4       0
                text132                            5C94     5C94        6     2D59       0
                text131                            5CAE     5CAE        2     2E56       0
                text130                            5CAC     5CAC        2     2E56       0
                text129                            41D0     41D0       A8        4       0
                text128                            55EA     55EA       3A        4       0
                text127                            459C     459C       94        4       0
                text126                            3182     3182      132        4       0
                text125                            5058     5058       60        4       0
                text124                            4C30     4C30       72        4       0
                text123                            5834     5834       30        4       0
                text122                            5A06     5A06       24        4       0
                text121                            5AF2     5AF2       1C     2D59       0
                text120                            4D80     4D80       6E        4       0
                text119                            5C48     5C48        E     2D59       0
                text118                            5802     5802       32        4       0
                text117                            4460     4460       A0        4       0
                text116                            54BC     54BC       42        4       0
                text115                            474E     474E       8C        4       0
                text114                            273C     273C      192        4       0
                text113                            48EC     48EC       7E        4       0
                text112                            4500     4500       9C        4       0
                text111                            5944     5944       2A        4       0
                text110                            3FC4     3FC4       B4        4       0
                text109                            256C     256C      1D0        4       0
                text108                            5270     5270       52        4       0
                text107                            3714     3714      104        4       0
                text106                            47DA     47DA       8A        4       0
                text105                            4D12     4D12       6E        4       0
                text104                            4EC4     4EC4       6A        4       0
                text103                            32B4     32B4      130        4       0
                text102                            2C9C     2C9C      13E        4       0
                text101                            4864     4864       88        4       0
                text100                            4B48     4B48       74        4       0
                text99                             3502     3502      10A        4       0
                text98                             5892     5892       2E        4       0
                text97                             1E42     1E42      2E6        4       0
                text96                             5AD2     5AD2       20     2D59       0
                text95                              DC8      DC8      4E0        4       0
                text94                               1E       1E      DAA        4       0
                text93                             431E     431E       A2        4       0
                text92                             49E6     49E6       7A        4       0
                text91                             2B5A     2B5A      142        4       0
                text90                             4278     4278       A6        4       0
                text89                             5112     5112       5A        4       0
                text88                             5C8E     5C8E        6     2D59       0
                text87                             5C88     5C88        6     2D59       0
                text86                             521A     521A       56        4       0
                text85                             530E     530E       4C        4       0
                text84                             5C82     5C82        6     2D59       0
                text83                             2F14     2F14      138        4       0
                text82                             51C4     51C4       56        4       0
                text81                             5C7C     5C7C        6     2D59       0
                text80                             1ABC     1ABC      386        4       0
                text79                             50B8     50B8       5A        4       0
                text78                             5C62     5C62        8     2D59       0
                text77                             5C76     5C76        6     2D59       0
                text76                             5B3E     5B3E       18     2D59       0
                text75                             4AD4     4AD4       74        4       0
                text74                             59E2     59E2       24        4       0
                text73                             5B26     5B26       18     2D59       0
                text72                             5B0E     5B0E       18     2D59       0
                text71                             5C3A     5C3A        E     2D59       0
                text70                             5478     5478       44        4       0
                text69                             5C2C     5C2C        E     2D59       0
                text68                             52C2     52C2       4C        4       0
                text67                             5A4C     5A4C       22        4       0
                text66                             5C1E     5C1E        E     2D59       0
                text65                             5C10     5C10        E     2D59       0
                text64                             5C02     5C02        E     2D59       0
                text63                             5BF4     5BF4        E     2D59       0
                text62                             5BE6     5BE6        E     2D59       0
                text61                             4078     4078       AC        4       0
                text60                             5BD8     5BD8        E     2D59       0
                text59                             5BCA     5BCA        E     2D59       0
                text58                             5BBC     5BBC        E     2D59       0
                text57                             5BAE     5BAE        E     2D59       0
                text56                             5BA0     5BA0        E     2D59       0
                text55                             43C0     43C0       A0        4       0
                text54                             5C56     5C56        C     2D59       0
                text53                             55B0     55B0       3A        4       0
                text52                             5C70     5C70        6     2D59       0
                text51                             5C6A     5C6A        6     2D59       0
                text50                             5A2A     5A2A       22        4       0
                text49                             516C     516C       58        4       0
                text48                             5864     5864       2E        4       0
                text47                             5B6C     5B6C       16     2D59       0
                text46                             5B92     5B92        E     2D59       0
                text45                             5B82     5B82       10     2D59       0
                text44                             4E5A     4E5A       6A        4       0
                text43                             28CE     28CE      148        4       0
                text42                             59BE     59BE       24        4       0
                text41                             54FE     54FE       3E        4       0
                text40                             5AB2     5AB2       20     2D59       0
                text39                             5918     5918       2C        4       0
                text38                             2128     2128      252        4       0
                text37                             58EC     58EC       2C        4       0
                text36                             565E     565E       38        4       0
                text35                             2DDA     2DDA      13A        4       0
                text34                             4CA2     4CA2       70        4       0
                text33                             57D0     57D0       32        4       0
                text32                             304C     304C      136        4       0
                text31                             5B56     5B56       16     2D59       0
                text30                             5576     5576       3A        4       0
                text29                             53A4     53A4       4A        4       0
                text28                             4630     4630       92        4       0
                text27                             3AF2     3AF2       E6        4       0
                text26                             58C0     58C0       2C        4       0
                text25                             3CBA     3CBA       CE        4       0
                text24                             3818     3818       FC        4       0
                text23                             12A8     12A8      420        4       0
                text22                             360C     360C      108        4       0
                text21                             4A60     4A60       74        4       0
                text20                             496A     496A       7C        4       0
                text19                             4F2E     4F2E       68        4       0
                text18                             4FF8     4FF8       60        4       0
                text17                             579E     579E       32        4       0
                text16                             53EE     53EE       46        4       0
                text15                             4DEE     4DEE       6C        4       0
                text14                             535A     535A       4A        4       0
                text13                             237A     237A      1F2        4       0
                text12                             33E4     33E4      11E        4       0
                text11                             5736     5736       34        4       0
                text10                             3D88     3D88       C8        4       0
                text9                              3BD8     3BD8       E2        4       0
                text8                              5434     5434       44        4       0
                text7                              3A06     3A06       EC        4       0
                text6                              3914     3914       F2        4       0
                text5                              5696     5696       36        4       0
                text4                              2A16     2A16      144        4       0
                text3                              5702     5702       34        4       0
                text2                              46C2     46C2       8C        4       0
                text1                              3E50     3E50       C0        4       0
                text0                              16C8     16C8      3F4        4       0
                cstackCOMRAMl                         1        1       30        1       1
                cstackCOMRAMh                        32       32       21       32       1
                cstackBANK0                          60       60       62       60       1
                cstackBANK3                         38B      38B        6      300       1
                bssBANK3                            300      300       8B      300       1
                dataBANK2                           2DC      2DC       21      200       1
                bssBANK2                            200      200       DC      200       1
                dataBANK1                           1AE      1AE       3A      100       1
                bssBANK1                            100      100       AE      100       1
                dataBANK0                            F8       F8        5       60       1
                bssBANK0                             C2       C2       36       60       1
                bssCOMRAMh                           53       53        7       32       1
                cinit                              3F10     3F10       B4        4       0
                nvBANK3                             391      391        2      300       1
                nvBANK2                             2FD      2FD        2      200       1
                nvBANK1                             1E8      1E8       18      100       1
                nvBANK0                              FD       FD        2       60       1
                idataBANK2                         5A90     5A90       21        4       0
                idataBANK1                         553C     553C       3A        4       0
                idataBANK0                         5CA6     5CA6        5     2D59       0

TOTAL           Name                               Link     Load   Length     Space
        CLASS   STACK          

        CLASS   CODE           
                init                                 1A       1A        4         0
                reset_vec                             0        0        4         0
                ivt0x8                                8        8       12         0
                text145                            4BBC     4BBC       74         0
                text144                            4F96     4F96       62         0
                text143                            576A     576A       34         0
                text142                            5CA0     5CA0        6         0
                text141                            5A6E     5A6E       22         0
                text140                            56CC     56CC       36         0
                text139                            5996     5996       28         0
                text138                            5C9A     5C9A        6         0
                text137                            5CB2     5CB2        2         0
                text136                            5CB0     5CB0        2         0
                text135                            4124     4124       AC         0
                text134                            5624     5624       3A         0
                text133                            596E     596E       28         0
                text132                            5C94     5C94        6         0
                text131                            5CAE     5CAE        2         0
                text130                            5CAC     5CAC        2         0
                text129                            41D0     41D0       A8         0
                text128                            55EA     55EA       3A         0
                text127                            459C     459C       94         0
                text126                            3182     3182      132         0
                text125                            5058     5058       60         0
                text124                            4C30     4C30       72         0
                text123                            5834     5834       30         0
                text122                            5A06     5A06       24         0
                text121                            5AF2     5AF2       1C         0
                text120                            4D80     4D80       6E         0
                text119                            5C48     5C48        E         0
                text118                            5802     5802       32         0
                text117                            4460     4460       A0         0
                text116                            54BC     54BC       42         0
                text115                            474E     474E       8C         0
                text114                            273C     273C      192         0
                text113                            48EC     48EC       7E         0
                text112                            4500     4500       9C         0
                text111                            5944     5944       2A         0
                text110                            3FC4     3FC4       B4         0
                text109                            256C     256C      1D0         0
                text108                            5270     5270       52         0
                text107                            3714     3714      104         0
                text106                            47DA     47DA       8A         0
                text105                            4D12     4D12       6E         0
                text104                            4EC4     4EC4       6A         0
                text103                            32B4     32B4      130         0
                text102                            2C9C     2C9C      13E         0
                text101                            4864     4864       88         0
                text100                            4B48     4B48       74         0
                text99                             3502     3502      10A         0
                text98                             5892     5892       2E         0
                text97                             1E42     1E42      2E6         0
                text96                             5AD2     5AD2       20         0
                text95                              DC8      DC8      4E0         0
                text94                               1E       1E      DAA         0
                text93                             431E     431E       A2         0
                text92                             49E6     49E6       7A         0
                text91                             2B5A     2B5A      142         0
                text90                             4278     4278       A6         0
                text89                             5112     5112       5A         0
                text88                             5C8E     5C8E        6         0
                text87                             5C88     5C88        6         0
                text86                             521A     521A       56         0
                text85                             530E     530E       4C         0
                text84                             5C82     5C82        6         0
                text83                             2F14     2F14      138         0
                text82                             51C4     51C4       56         0
                text81                             5C7C     5C7C        6         0
                text80                             1ABC     1ABC      386         0
                text79                             50B8     50B8       5A         0
                text78                             5C62     5C62        8         0
                text77                             5C76     5C76        6         0
                text76                             5B3E     5B3E       18         0
                text75                             4AD4     4AD4       74         0
                text74                             59E2     59E2       24         0
                text73                             5B26     5B26       18         0
                text72                             5B0E     5B0E       18         0
                text71                             5C3A     5C3A        E         0
                text70                             5478     5478       44         0
                text69                             5C2C     5C2C        E         0
                text68                             52C2     52C2       4C         0
                text67                             5A4C     5A4C       22         0
                text66                             5C1E     5C1E        E         0
                text65                             5C10     5C10        E         0
                text64                             5C02     5C02        E         0
                text63                             5BF4     5BF4        E         0
                text62                             5BE6     5BE6        E         0
                text61                             4078     4078       AC         0
                text60                             5BD8     5BD8        E         0
                text59                             5BCA     5BCA        E         0
                text58                             5BBC     5BBC        E         0
                text57                             5BAE     5BAE        E         0
                text56                             5BA0     5BA0        E         0
                text55                             43C0     43C0       A0         0
                text54                             5C56     5C56        C         0
                text53                             55B0     55B0       3A         0
                text52                             5C70     5C70        6         0
                text51                             5C6A     5C6A        6         0
                text50                             5A2A     5A2A       22         0
                text49                             516C     516C       58         0
                text48                             5864     5864       2E         0
                text47                             5B6C     5B6C       16         0
                text46                             5B92     5B92        E         0
                text45                             5B82     5B82       10         0
                text44                             4E5A     4E5A       6A         0
                text43                             28CE     28CE      148         0
                text42                             59BE     59BE       24         0
                text41                             54FE     54FE       3E         0
                text40                             5AB2     5AB2       20         0
                text39                             5918     5918       2C         0
                text38                             2128     2128      252         0
                text37                             58EC     58EC       2C         0
                text36                             565E     565E       38         0
                text35                             2DDA     2DDA      13A         0
                text34                             4CA2     4CA2       70         0
                text33                             57D0     57D0       32         0
                text32                             304C     304C      136         0
                text31                             5B56     5B56       16         0
                text30                             5576     5576       3A         0
                text29                             53A4     53A4       4A         0
                text28                             4630     4630       92         0
                text27                             3AF2     3AF2       E6         0
                text26                             58C0     58C0       2C         0
                text25                             3CBA     3CBA       CE         0
                text24                             3818     3818       FC         0
                text23                             12A8     12A8      420         0
                text22                             360C     360C      108         0
                text21                             4A60     4A60       74         0
                text20                             496A     496A       7C         0
                text19                             4F2E     4F2E       68         0
                text18                             4FF8     4FF8       60         0
                text17                             579E     579E       32         0
                text16                             53EE     53EE       46         0
                text15                             4DEE     4DEE       6C         0
                text14                             535A     535A       4A         0
                text13                             237A     237A      1F2         0
                text12                             33E4     33E4      11E         0
                text11                             5736     5736       34         0
                text10                             3D88     3D88       C8         0
                text9                              3BD8     3BD8       E2         0
                text8                              5434     5434       44         0
                text7                              3A06     3A06       EC         0
                text6                              3914     3914       F2         0
                text5                              5696     5696       36         0
                text4                              2A16     2A16      144         0
                text3                              5702     5702       34         0
                text2                              46C2     46C2       8C         0
                text1                              3E50     3E50       C0         0
                text0                              16C8     16C8      3F4         0
                cinit                              3F10     3F10       B4         0
                idataBANK2                         5A90     5A90       21         0
                idataBANK1                         553C     553C       3A         0
                idataBANK0                         5CA6     5CA6        5         0

        CLASS   CONST          

        CLASS   SMALLCONST     

        CLASS   MEDIUMCONST    
                mediumconst                        FD40     FD40      2C0         0

        CLASS   COMRAM         
                cstackCOMRAMl                         1        1       30         1
                cstackCOMRAMh                        32       32       21         1
                bssCOMRAMh                           53       53        7         1

        CLASS   ABS1           
                abs_s1                               31       31        1         1

        CLASS   BIGRAM         

        CLASS   RAM            

        CLASS   BANK0          
                cstackBANK0                          60       60       62         1
                dataBANK0                            F8       F8        5         1
                bssBANK0                             C2       C2       36         1
                nvBANK0                              FD       FD        2         1

        CLASS   BANK1          
                dataBANK1                           1AE      1AE       3A         1
                bssBANK1                            100      100       AE         1
                nvBANK1                             1E8      1E8       18         1

        CLASS   BANK2          
                dataBANK2                           2DC      2DC       21         1
                bssBANK2                            200      200       DC         1
                nvBANK2                             2FD      2FD        2         1

        CLASS   BANK3          
                cstackBANK3                         38B      38B        6         1
                bssBANK3                            300      300       8B         1
                nvBANK3                             391      391        2         1

        CLASS   BANK4          

        CLASS   BANK5          

        CLASS   BANK6          

        CLASS   BANK7          

        CLASS   BANK8          

        CLASS   BANK9          

        CLASS   BANK10         

        CLASS   BANK11         

        CLASS   BANK12         

        CLASS   BANK13         

        CLASS   BANK14         

        CLASS   BANK15         

        CLASS   SFR            

        CLASS   FARRAM         

        CLASS   CONFIG         
                config                           300000   300000        A         0

        CLASS   IDLOC          
                idloc                            200000   200000       10         0

        CLASS   EEDATA         



SEGMENTS        Name                           Load    Length   Top    Selector   Space  Class

                reset_vec                      000000  000004  000004         0       0  CODE    
                cstackCOMRAMl                  000001  000030  000031         1       1  COMRAM  
                ivt0x8                         000008  005AA9  005AB1         4       0  CODE    
                cstackCOMRAMh                  000032  000028  00005A        32       1  COMRAM  
                cstackBANK0                    000060  00009F  0000FF        60       1  BANK0   
                bssBANK1                       000100  000100  000200       100       1  BANK1   
                bssBANK2                       000200  0000FF  0002FF       200       1  BANK2   
                bssBANK3                       000300  000093  000393       300       1  BANK3   
                text40                         005AB2  0001F9  005CAB      2D59       0  CODE    
                text130                        005CAC  000008  005CB4      2E56       0  CODE    
                mediumconst                    00FD40  0002C0  010000      7EA0       0  MEDIUMCO
                idloc                          200000  000010  200010    200000       0  IDLOC   
                config                         300000  00000A  30000A    300000       0  CONFIG  


UNUSED ADDRESS RANGES

        Name                Unused          Largest block    Delta
        BANK0            0000FF-0000FF                1
        BANK10           000A00-000AFF              100
        BANK11           000B00-000BFF              100
        BANK12           000C00-000CFF              100
        BANK13           000D00-000DFF              100
        BANK14           000E00-000EFF              100
        BANK15           000F00-000FFF              100
        BANK2            0002FF-0002FF                1
        BANK3            000393-0003FF               6D
        BANK4            000400-0004FF              100
        BANK5            000500-0005FF              100
        BANK6            000600-0006FF              100
        BANK7            000700-0007FF              100
        BANK8            000800-0008FF              100
        BANK9            000900-0009FF              100
        BIGRAM           00005A-00005F                6
                         0000FF-0000FF                1
                         0002FF-0002FF                1
                         000393-000FFF              C6D
        CODE             000004-000007                4
                         005AB1-005AB1                1
                         005CAB-005CAB                1
                         005CB4-00FD3F             A08C
        COMRAM           00005A-00005F                6
        CONST            000004-000007                4
                         005AB1-005AB1                1
                         005CAB-005CAB                1
                         005CB4-00FD3F             A08C
        EEDATA           310000-3103FF              400
        MEDIUMCONST      005AB1-005AB1                1
                         005CAB-005CAB                1
                         005CB4-00FD3F             A08C
        RAM              0000FF-0000FF                1
                         0002FF-0002FF                1
                         000393-000FFF              100
        SFR              003800-003FFF              100
        SMALLCONST       005AB1-005AB1                1
                         005CAB-005CAB                1
                         005CB4-00FD3F              100
        STACK            000393-000FFF              C6D

                                  Symbol Table

?_ADCC_GetConversionResult                    cstackCOMRAMh 000038
?___awdiv                                     cstackCOMRAMh 00003E
?___awmod                                     cstackCOMRAMh 000038
?___awtoft                                    cstackCOMRAMh 000040
?___ftadd                                     cstackCOMRAMh 00004C
?___ftdiv                                     cstackCOMRAMh 000040
?___ftmul                                     cstackCOMRAMl 000007
?___ftneg                                     cstackCOMRAMh 000044
?___ftpack                                    cstackCOMRAMh 000038
?___ftsub                                     cstackCOMRAMl 000007
?___fttol                                     cstackCOMRAMl 00001D
?___lldiv                                     cstackCOMRAMh 000038
?___llmod                                     cstackCOMRAMh 000045
?___lltoft                                    cstackCOMRAMh 000040
?___lwtoft                                    cstackCOMRAMh 000040
?___wmul                                      cstackCOMRAMh 000046
?__div_to_l_                                  cstackCOMRAMh 000038
?__tdiv_to_l_                                 cstackCOMRAMh 000038
?_fround                                      cstackCOMRAMl 000016
?_printByte                                   cstackCOMRAMl 00002C
?_printData                                   cstackCOMRAMl 00002C
?_print_float                                 cstackCOMRAMl 00002C
?_printlong                                   cstackCOMRAMl 00002C
?_scale                                       cstackCOMRAMl 000016
?_sprintf                                     cstackBANK0   000060
?_takeSystemMeasurement                       cstackCOMRAMh 00003C
?i2___awmod                                   cstackCOMRAMh 000032
ADCC_StartConversion@channel                  cstackCOMRAMh 000038
BMS_DATA@columbPTR                            cstackBANK0   0000BE
BMS_DATA@i                                    cstackBANK0   0000C0
ButtonScan@subscribe_data                     cstackCOMRAMl 000012
ButtonScan@update                             cstackCOMRAMl 000013
DIAGNOSTIC_DATA@i                             cstackCOMRAMh 00003B
DIAGNOSTIC_DATA@update                        cstackCOMRAMh 00003A
IVTBASEH                                      (abs)         003FD6
IVTBASEL                                      (abs)         003FD5
IVTBASEU                                      (abs)         003FD7
LCD_CreateCharacter@address                   cstackCOMRAMh 000040
LCD_CreateCharacter@data                      cstackCOMRAMh 00003C
LCD_CreateCharacter@i                         cstackCOMRAMh 000041
LCD_Send@RSV                                  cstackCOMRAMh 00003B
LCD_Send@data                                 cstackCOMRAMh 000038
Lcd_Cmd@a                                     cstackCOMRAMh 00003A
Lcd_Port@a                                    cstackCOMRAMh 000038
Lcd_Set_Cursor@a                              cstackCOMRAMh 00003C
Lcd_Set_Cursor@b                              cstackCOMRAMh 00003B
Lcd_Set_Cursor@temp                           cstackCOMRAMh 00003F
Lcd_Set_Cursor@y                              cstackCOMRAMh 00003E
Lcd_Set_Cursor@z                              cstackCOMRAMh 00003D
Lcd_Write_Char@a                              cstackCOMRAMh 00003B
Lcd_Write_Char@temp                           cstackCOMRAMh 000039
Lcd_Write_Char@y                              cstackCOMRAMh 00003A
Lcd_Write_String@a                            cstackBANK0   0000B6
Lcd_Write_String@i                            cstackBANK0   0000BA
PWM1_LoadDutyValue@dutyValue                  cstackCOMRAMh 000038
PWM2_LoadDutyValue@dutyValue                  cstackCOMRAMh 000038
TMR0_ISR@CountCallBack                        bssBANK1      000163
TMR0_SetInterruptHandler@InterruptHandler     cstackCOMRAMh 000038
TMR1_ISR@CountCallBack                        bssBANK1      00015D
TMR1_SetInterruptHandler@InterruptHandler     cstackCOMRAMh 000038
TMR1_WriteTimer@timerVal                      cstackCOMRAMh 000032
UART1_Read@readValue                          cstackCOMRAMh 000038
UART1_SetErrorHandler@interruptHandler        cstackCOMRAMh 000038
UART1_SetFramingErrorHandler@interruptHandler cstackCOMRAMh 000038
UART1_SetOverrunErrorHandler@interruptHandler cstackCOMRAMh 000038
UART1_SetRxInterruptHandler@InterruptHandler  cstackCOMRAMh 000038
UART1_SetTxInterruptHandler@InterruptHandler  cstackCOMRAMh 000038
UART2_Read@readValue                          cstackCOMRAMh 000038
UART2_Send_words@word                         cstackCOMRAMh 000039
UART2_SetErrorHandler@interruptHandler        cstackCOMRAMh 000038
UART2_SetFramingErrorHandler@interruptHandler cstackCOMRAMh 000038
UART2_SetOverrunErrorHandler@interruptHandler cstackCOMRAMh 000038
UART2_SetRxInterruptHandler@InterruptHandler  cstackCOMRAMh 000038
UART2_SetTxInterruptHandler@InterruptHandler  cstackCOMRAMh 000038
UART2_Write@txData                            cstackCOMRAMh 000038
WS2812_Write@buff                             cstackCOMRAMh 00004E
WS2812_Write@i                                cstackCOMRAMl 000005
WS2812_Write@interruptStatus1                 cstackCOMRAMl 000003
WS2812_Write@interruptStatus2                 cstackCOMRAMl 000004
WS2812_Write@led                              cstackCOMRAMh 00004C
WS2812_Write@ledMax                           cstackCOMRAMl 000001
WS2812_writeColour@colour                     cstackCOMRAMl 000007
WS2812_writeColour@colour2print               cstackCOMRAMl 000009
WS2812_writeRGB@B                             cstackCOMRAMl 000013
WS2812_writeRGB@G                             cstackCOMRAMl 000014
WS2812_writeRGB@GRB                           cstackCOMRAMl 000015
WS2812_writeRGB@R                             cstackCOMRAMl 000012
_ACS_offset                                   bssBANK1      000190
_ACS_offsetPTR                                dataBANK1     0001BB
_ADACCH                                       (abs)         003EE9
_ADACCL                                       (abs)         003EE8
_ADACCU                                       (abs)         003EEA
_ADACQH                                       (abs)         003EF4
_ADACQL                                       (abs)         003EF3
_ADACT                                        (abs)         003EFE
_ADCAP                                        (abs)         003EF5
_ADCC_GetConversionResult                     text47        005B6C
_ADCC_Initialize                              text79        0050B8
_ADCC_IsConversionDone                        text46        005B92
_ADCC_StartConversion                         text45        005B82
_ADCLK                                        (abs)         003EFF
_ADCNT                                        (abs)         003EEB
_ADCON0                                       (abs)         003EF8
_ADCON0bits                                   (abs)         003EF8
_ADCON1                                       (abs)         003EF9
_ADCON1bits                                   (abs)         003EF9
_ADCON2                                       (abs)         003EFA
_ADCON2bits                                   (abs)         003EFA
_ADCON3                                       (abs)         003EFB
_ADCON3bits                                   (abs)         003EFB
_ADERRH                                       (abs)         003EE3
_ADERRL                                       (abs)         003EE2
_ADFLTRH                                      (abs)         003EE7
_ADFLTRL                                      (abs)         003EE6
_ADLTHH                                       (abs)         003EDF
_ADLTHL                                       (abs)         003EDE
_ADPCH                                        (abs)         003EF1
_ADPREH                                       (abs)         003EF7
_ADPREL                                       (abs)         003EF6
_ADPREVH                                      (abs)         003EEE
_ADPREVL                                      (abs)         003EED
_ADREF                                        (abs)         003EFD
_ADRESH                                       (abs)         003EF0
_ADRESL                                       (abs)         003EEF
_ADRPT                                        (abs)         003EEC
_ADSTAT                                       (abs)         003EFC
_ADSTATbits                                   (abs)         003EFC
_ADSTPTH                                      (abs)         003EE5
_ADSTPTL                                      (abs)         003EE4
_ADUTHH                                       (abs)         003EE1
_ADUTHL                                       (abs)         003EE0
_ANSELA                                       (abs)         003A40
_ANSELB                                       (abs)         003A50
_ANSELC                                       (abs)         003A60
_BMS_CALIBRATION_PAGE                         text92        0049E6
_BMS_DATA                                     text13        00237A
_Ba3Voltage                                   bssBANK1      000100
_ButtonScan                                   text83        002F14
_CCP1CON                                      (abs)         003F7E
_CCP1CONbits                                  (abs)         003F7E
_CCP2CON                                      (abs)         003F7A
_CCP2CONbits                                  (abs)         003F7A
_CCPR1H                                       (abs)         003F7D
_CCPR1L                                       (abs)         003F7C
_CCPR2H                                       (abs)         003F79
_CCPR2L                                       (abs)         003F78
_CCPTMRS0bits                                 (abs)         003F5E
_CHARGING_CURRENT_REFERENCE                   dataBANK1     0001B1
_CreateCustomCharacters                       text124       004C30
_DIAGNOSTIC_DATA                              text80        001ABC
_FVRCON                                       (abs)         003EC1
_FVRCONbits                                   (abs)         003EC1
_FVR_Initialize                               text78        005C62
_GIE                                          (abs)         01FE97
_GatewayData                                  bssBANK3      000340
_INTCON0bits                                  (abs)         003FD2
_INTERRUPT_Initialize                         text77        005C76
_INTERRUPT_InterruptManager                   text127       00459C
_LATA                                         (abs)         003FBA
_LATAbits                                     (abs)         003FBA
_LATB                                         (abs)         003FBB
_LATBbits                                     (abs)         003FBB
_LATC                                         (abs)         003FBC
_LATCbits                                     (abs)         003FBC
_LCD_CreateCharacter                          text125       005058
_LCD_Send                                     text126       003182
_LCD_initialization                           text119       005C48
_LOAD_CURRENT_REFERENCE                       dataBANK1     0001AE
_Lcd_Clear                                    text121       005AF2
_Lcd_Cmd                                      text122       005A06
_Lcd_Init                                     text120       004D80
_Lcd_Port                                     text123       005834
_Lcd_Set_Cursor                               text117       004460
_Lcd_Write_Char                               text116       0054BC
_Lcd_Write_String                             text115       00474E
_ODCONA                                       (abs)         003A42
_ODCONB                                       (abs)         003A52
_ODCONC                                       (abs)         003A62
_OSCCON1                                      (abs)         0039D9
_OSCCON3                                      (abs)         0039DB
_OSCEN                                        (abs)         0039DD
_OSCFRQ                                       (abs)         0039DF
_OSCILLATOR_Initialize                        text76        005B3E
_OSCTUNE                                      (abs)         0039DE
_PCON0bits                                    (abs)         003FF0
_PIE3bits                                     (abs)         003993
_PIE4bits                                     (abs)         003994
_PIE6bits                                     (abs)         003996
_PIN_MANAGER_Initialize                       text75        004AD4
_PIR3bits                                     (abs)         0039A3
_PIR4bits                                     (abs)         0039A4
_PIR6bits                                     (abs)         0039A6
_PMD0                                         (abs)         0039C0
_PMD1                                         (abs)         0039C1
_PMD2                                         (abs)         0039C2
_PMD3                                         (abs)         0039C3
_PMD4                                         (abs)         0039C4
_PMD5                                         (abs)         0039C5
_PMD6                                         (abs)         0039C6
_PMD7                                         (abs)         0039C7
_PMD_Initialize                               text74        0059E2
_PORTAbits                                    (abs)         003FCA
_PORTCbits                                    (abs)         003FCC
_PR2                                          (abs)         003FAB
_PWM1_Initialize                              text73        005B26
_PWM1_LoadDutyValue                           text118       005802
_PWM2_Initialize                              text72        005B0E
_PWM2_LoadDutyValue                           text33        0057D0
_RB1I2C                                       (abs)         003A5A
_RB2I2C                                       (abs)         003A5B
_RB6PPS                                       (abs)         003A0E
_RC1PPS                                       (abs)         003A11
_RC3I2C                                       (abs)         003A6A
_RC4I2C                                       (abs)         003A6B
_RC4PPS                                       (abs)         003A14
_RC6PPS                                       (abs)         003A16
_ResetAllParameters                           text89        005112
_SLRCONA                                      (abs)         003A43
_SLRCONB                                      (abs)         003A53
_SLRCONC                                      (abs)         003A63
_SYSTEM_Initialize                            text53        0055B0
_Send_GatewayDATA                             text25        003CBA
_T0CON0                                       (abs)         003FB8
_T0CON0bits                                   (abs)         003FB8
_T0CON1                                       (abs)         003FB9
_T1CLK                                        (abs)         003FB5
_T1CON                                        (abs)         003FB2
_T1CONbits                                    (abs)         003FB2
_T1GATE                                       (abs)         003FB4
_T1GCON                                       (abs)         003FB3
_T1GCONbits                                   (abs)         003FB3
_T2CLKCON                                     (abs)         003FAE
_T2CON                                        (abs)         003FAC
_T2CONbits                                    (abs)         003FAC
_T2HLT                                        (abs)         003FAD
_T2HLTbits                                    (abs)         003FAD
_T2PR                                         (abs)         003FAB
_T2RST                                        (abs)         003FAF
_T2RSTbits                                    (abs)         003FAF
_T2TMR                                        (abs)         003FAA
_TMR0H                                        (abs)         003FB7
_TMR0L                                        (abs)         003FB6
_TMR0_CallBack                                text144       004F96
_TMR0_DefaultInterruptHandler                 (abs)         000000
_TMR0_ISR                                     text143       00576A
_TMR0_Initialize                              text70        005478
_TMR0_InterruptHandler                        nvBANK2       0002FD
_TMR0_SetInterruptHandler                     text71        005C3A
_TMR1H                                        (abs)         003FB1
_TMR1L                                        (abs)         003FB0
_TMR1_CallBack                                text142       005CA0
_TMR1_DefaultInterruptHandler                 (abs)         000000
_TMR1_ISR                                     text140       0056CC
_TMR1_Initialize                              text68        0052C2
_TMR1_InterruptHandler                        nvBANK3       000391
_TMR1_SetInterruptHandler                     text69        005C2C
_TMR1_StartTimer                              text88        005C8E
_TMR1_StopTimer                               text87        005C88
_TMR1_WriteTimer                              text141       005A6E
_TMR2                                         (abs)         003FAA
_TMR2_Initialize                              text67        005A4C
_TRISA                                        (abs)         003FC2
_TRISB                                        (abs)         003FC3
_TRISC                                        (abs)         003FC4
_U1BRGH                                       (abs)         003DF6
_U1BRGL                                       (abs)         003DF5
_U1CON0                                       (abs)         003DF2
_U1CON1                                       (abs)         003DF3
_U1CON2                                       (abs)         003DF4
_U1ERRIE                                      (abs)         003DFA
_U1ERRIR                                      (abs)         003DF9
_U1ERRIRbits                                  (abs)         003DF9
_U1FIFO                                       (abs)         003DF7
_U1P1H                                        (abs)         003DED
_U1P1L                                        (abs)         003DEC
_U1P2H                                        (abs)         003DEF
_U1P2L                                        (abs)         003DEE
_U1P3H                                        (abs)         003DF1
_U1P3L                                        (abs)         003DF0
_U1RXB                                        (abs)         003DE8
_U1RXPPS                                      (abs)         003AE5
_U1TXB                                        (abs)         003DEA
_U1UIR                                        (abs)         003DF8
_U2BRGH                                       (abs)         003DDE
_U2BRGL                                       (abs)         003DDD
_U2CON0                                       (abs)         003DDA
_U2CON1                                       (abs)         003DDB
_U2CON2                                       (abs)         003DDC
_U2ERRIE                                      (abs)         003DE2
_U2ERRIR                                      (abs)         003DE1
_U2ERRIRbits                                  (abs)         003DE1
_U2FIFO                                       (abs)         003DDF
_U2P1L                                        (abs)         003DD4
_U2P2L                                        (abs)         003DD6
_U2P3L                                        (abs)         003DD8
_U2RXB                                        (abs)         003DD0
_U2RXPPS                                      (abs)         003AE8
_U2TXB                                        (abs)         003DD2
_U2UIR                                        (abs)         003DE0
_UART1_DefaultErrorHandler                    text138       005C9A
_UART1_DefaultFramingErrorHandler             text137       005CB2
_UART1_DefaultOverrunErrorHandler             text136       005CB0
_UART1_ErrorHandler                           nvBANK1       0001F0
_UART1_FramingErrorHandler                    nvBANK1       0001F4
_UART1_Initialize                             text61        004078
_UART1_OverrunErrorHandler                    nvBANK1       0001F2
_UART1_Read                                   text82        0051C4
_UART1_Receive_ISR                            text135       004124
_UART1_RxDataHandler                          text139       005996
_UART1_RxInterruptHandler                     nvBANK1       0001F8
_UART1_SetErrorHandler                        text66        005C1E
_UART1_SetFramingErrorHandler                 text65        005C10
_UART1_SetOverrunErrorHandler                 text64        005C02
_UART1_SetRxInterruptHandler                  text63        005BF4
_UART1_SetTxInterruptHandler                  text62        005BE6
_UART1_Transmit_ISR                           text134       005624
_UART1_TxInterruptHandler                     nvBANK1       0001F6
_UART1_is_rx_ready                            text81        005C7C
_UART2_DefaultErrorHandler                    text132       005C94
_UART2_DefaultFramingErrorHandler             text131       005CAE
_UART2_DefaultOverrunErrorHandler             text130       005CAC
_UART2_ErrorHandler                           nvBANK1       0001EA
_UART2_FramingErrorHandler                    nvBANK1       0001EE
_UART2_Initialize                             text55        0043C0
_UART2_OverrunErrorHandler                    nvBANK1       0001EC
_UART2_Read                                   text86        00521A
_UART2_Receive_ISR                            text129       0041D0
_UART2_RxDataHandler                          text133       00596E
_UART2_RxInterruptHandler                     nvBANK1       0001FC
_UART2_Send_words                             text26        0058C0
_UART2_SetErrorHandler                        text60        005BD8
_UART2_SetFramingErrorHandler                 text59        005BCA
_UART2_SetOverrunErrorHandler                 text58        005BBC
_UART2_SetRxInterruptHandler                  text57        005BAE
_UART2_SetTxInterruptHandler                  text56        005BA0
_UART2_Transmit_ISR                           text128       0055EA
_UART2_TxInterruptHandler                     nvBANK1       0001FA
_UART2_Write                                  text85        00530E
_UART2_is_rx_ready                            text84        005C82
_WDTCON0                                      (abs)         00395B
_WDTCON0bits                                  (abs)         00395B
_WDTCON1                                      (abs)         00395C
_WPUA                                         (abs)         003A41
_WPUB                                         (abs)         003A51
_WPUC                                         (abs)         003A61
_WPUE                                         (abs)         003A81
_WS2812_Write                                 text91        002B5A
_WS2812_writeColour                           text90        004278
_WS2812_writeRGB                              text50        005A2A
_WWDT_Initialize                              text54        005C56
_WWDT_SoftDisable                             text52        005C70
_WWDT_SoftEnable                              text51        005C6A
__CFG_BBEN$OFF                                (abs)         000000
__CFG_BBSIZE$BBSIZE_512                       (abs)         000000
__CFG_BOREN$SBORDIS                           (abs)         000000
__CFG_BORV$VBOR_2P45                          (abs)         000000
__CFG_CLKOUTEN$OFF                            (abs)         000000
__CFG_CP$OFF                                  (abs)         000000
__CFG_CSWEN$ON                                (abs)         000000
__CFG_DEBUG$OFF                               (abs)         000000
__CFG_FCMEN$ON                                (abs)         000000
__CFG_FEXTOSC$OFF                             (abs)         000000
__CFG_IVT1WAY$ON                              (abs)         000000
__CFG_LPBOREN$OFF                             (abs)         000000
__CFG_LVP$OFF                                 (abs)         000000
__CFG_MCLRE$EXTMCLR                           (abs)         000000
__CFG_MVECEN$OFF                              (abs)         000000
__CFG_PPS1WAY$ON                              (abs)         000000
__CFG_PR1WAY$ON                               (abs)         000000
__CFG_PWRTS$PWRT_OFF                          (abs)         000000
__CFG_RSTOSC$HFINTOSC_64MHZ                   (abs)         000000
__CFG_SAFEN$OFF                               (abs)         000000
__CFG_STVREN$ON                               (abs)         000000
__CFG_WDTCCS$LFINTOSC                         (abs)         000000
__CFG_WDTCPS$WDTCPS_13                        (abs)         000000
__CFG_WDTCWS$WDTCWS_7                         (abs)         000000
__CFG_WDTE$SWDTEN                             (abs)         000000
__CFG_WRTAPP$OFF                              (abs)         000000
__CFG_WRTB$OFF                                (abs)         000000
__CFG_WRTC$OFF                                (abs)         000000
__CFG_WRTD$OFF                                (abs)         000000
__CFG_WRTSAF$OFF                              (abs)         000000
__CFG_XINST$OFF                               (abs)         000000
__CFG_ZCD$OFF                                 (abs)         000000
__HRAM                                        (abs)         000000
__Habs1                                       abs1          000000
__Hbank0                                      bank0         000000
__Hbank1                                      bank1         000000
__Hbank10                                     bank10        000000
__Hbank11                                     bank11        000000
__Hbank12                                     bank12        000000
__Hbank13                                     bank13        000000
__Hbank14                                     bank14        000000
__Hbank15                                     bank15        000000
__Hbank2                                      bank2         000000
__Hbank3                                      bank3         000000
__Hbank4                                      bank4         000000
__Hbank5                                      bank5         000000
__Hbank6                                      bank6         000000
__Hbank7                                      bank7         000000
__Hbank8                                      bank8         000000
__Hbank9                                      bank9         000000
__Hbigbss                                     bigbss        000000
__Hbigdata                                    bigdata       000000
__Hbigram                                     bigram        000000
__Hbss                                        bss           000000
__HbssBANK0                                   bssBANK0      000000
__HbssBANK1                                   bssBANK1      000000
__HbssBANK2                                   bssBANK2      000000
__HbssBANK3                                   bssBANK3      000000
__HbssCOMRAMh                                 bssCOMRAMh    000000
__Hcinit                                      cinit         000000
__Hclrtext                                    clrtext       000000
__Hcomram                                     comram        000000
__Hconfig                                     config        30000A
__Hconst                                      const         000000
__HcstackBANK0                                cstackBANK0   000000
__HcstackBANK3                                cstackBANK3   000000
__HcstackCOMRAMh                              cstackCOMRAMh 000000
__HcstackCOMRAMl                              cstackCOMRAMl 000000
__Hdata                                       data          000000
__HdataBANK0                                  dataBANK0     000000
__HdataBANK1                                  dataBANK1     000000
__HdataBANK2                                  dataBANK2     000000
__Heeprom_data                                eeprom_data   000000
__Hfarbss                                     farbss        000000
__Hfardata                                    fardata       000000
__Hibigdata                                   ibigdata      000000
__Hidata                                      idata         000000
__HidataBANK0                                 idataBANK0    000000
__HidataBANK1                                 idataBANK1    000000
__HidataBANK2                                 idataBANK2    000000
__Hidloc                                      idloc         200010
__Hifardata                                   ifardata      000000
__Hinit                                       init          00001E
__Hintsave_regs                               intsave_regs  000000
__Hirdata                                     irdata        000000
__Hivt0x8                                     ivt0x8        00001A
__Hmediumconst                                mediumconst   010000
__HnvBANK0                                    nvBANK0       000000
__HnvBANK1                                    nvBANK1       000000
__HnvBANK2                                    nvBANK2       000000
__HnvBANK3                                    nvBANK3       000000
__HnvFARRAM                                   nvFARRAM      000000
__Hnvbit                                      nvbit         000000
__Hnvrram                                     nvrram        000000
__Hparam                                      rparam        000000
__Hpowerup                                    powerup       000000
__Hram                                        ram           000000
__Hramtop                                     ramtop        001000
__Hrbit                                       rbit          000000
__Hrbss                                       rbss          000000
__Hrdata                                      rdata         000000
__Hreset_vec                                  reset_vec     000004
__Hrparam                                     rparam        000000
__Hsfr                                        sfr           000000
__Hsmallconst                                 smallconst    000000
__Hspace_0                                    (abs)         30000A
__Hspace_1                                    (abs)         000393
__Hspace_2                                    (abs)         000000
__Hstack                                      stack         000000
__Hstruct                                     struct        000000
__Htemp                                       temp          000000
__Htext                                       text          000000
__Htext0                                      text0         000000
__Htext1                                      text1         000000
__Htext10                                     text10        000000
__Htext100                                    text100       000000
__Htext101                                    text101       000000
__Htext102                                    text102       000000
__Htext103                                    text103       000000
__Htext104                                    text104       000000
__Htext105                                    text105       000000
__Htext106                                    text106       000000
__Htext107                                    text107       000000
__Htext108                                    text108       000000
__Htext109                                    text109       000000
__Htext11                                     text11        000000
__Htext110                                    text110       000000
__Htext111                                    text111       000000
__Htext112                                    text112       000000
__Htext113                                    text113       000000
__Htext114                                    text114       000000
__Htext115                                    text115       000000
__Htext116                                    text116       000000
__Htext117                                    text117       000000
__Htext118                                    text118       000000
__Htext119                                    text119       000000
__Htext12                                     text12        000000
__Htext120                                    text120       000000
__Htext121                                    text121       000000
__Htext122                                    text122       000000
__Htext123                                    text123       000000
__Htext124                                    text124       000000
__Htext125                                    text125       000000
__Htext126                                    text126       000000
__Htext127                                    text127       000000
__Htext128                                    text128       000000
__Htext129                                    text129       000000
__Htext13                                     text13        000000
__Htext130                                    text130       000000
__Htext131                                    text131       000000
__Htext132                                    text132       000000
__Htext133                                    text133       000000
__Htext134                                    text134       000000
__Htext135                                    text135       000000
__Htext136                                    text136       000000
__Htext137                                    text137       000000
__Htext138                                    text138       000000
__Htext139                                    text139       000000
__Htext14                                     text14        000000
__Htext140                                    text140       000000
__Htext141                                    text141       000000
__Htext142                                    text142       000000
__Htext143                                    text143       000000
__Htext144                                    text144       000000
__Htext145                                    text145       000000
__Htext146                                    text146       000000
__Htext15                                     text15        000000
__Htext16                                     text16        000000
__Htext17                                     text17        000000
__Htext18                                     text18        000000
__Htext19                                     text19        000000
__Htext2                                      text2         000000
__Htext20                                     text20        000000
__Htext21                                     text21        000000
__Htext22                                     text22        000000
__Htext23                                     text23        000000
__Htext24                                     text24        000000
__Htext25                                     text25        000000
__Htext26                                     text26        000000
__Htext27                                     text27        000000
__Htext28                                     text28        000000
__Htext29                                     text29        000000
__Htext3                                      text3         000000
__Htext30                                     text30        000000
__Htext31                                     text31        000000
__Htext32                                     text32        000000
__Htext33                                     text33        000000
__Htext34                                     text34        000000
__Htext35                                     text35        000000
__Htext36                                     text36        000000
__Htext37                                     text37        000000
__Htext38                                     text38        000000
__Htext39                                     text39        000000
__Htext4                                      text4         000000
__Htext40                                     text40        000000
__Htext41                                     text41        000000
__Htext42                                     text42        000000
__Htext43                                     text43        000000
__Htext44                                     text44        000000
__Htext45                                     text45        000000
__Htext46                                     text46        000000
__Htext47                                     text47        000000
__Htext48                                     text48        000000
__Htext49                                     text49        000000
__Htext5                                      text5         000000
__Htext50                                     text50        000000
__Htext51                                     text51        000000
__Htext52                                     text52        000000
__Htext53                                     text53        000000
__Htext54                                     text54        000000
__Htext55                                     text55        000000
__Htext56                                     text56        000000
__Htext57                                     text57        000000
__Htext58                                     text58        000000
__Htext59                                     text59        000000
__Htext6                                      text6         000000
__Htext60                                     text60        000000
__Htext61                                     text61        000000
__Htext62                                     text62        000000
__Htext63                                     text63        000000
__Htext64                                     text64        000000
__Htext65                                     text65        000000
__Htext66                                     text66        000000
__Htext67                                     text67        000000
__Htext68                                     text68        000000
__Htext69                                     text69        000000
__Htext7                                      text7         000000
__Htext70                                     text70        000000
__Htext71                                     text71        000000
__Htext72                                     text72        000000
__Htext73                                     text73        000000
__Htext74                                     text74        000000
__Htext75                                     text75        000000
__Htext76                                     text76        000000
__Htext77                                     text77        000000
__Htext78                                     text78        000000
__Htext79                                     text79        000000
__Htext8                                      text8         000000
__Htext80                                     text80        000000
__Htext81                                     text81        000000
__Htext82                                     text82        000000
__Htext83                                     text83        000000
__Htext84                                     text84        000000
__Htext85                                     text85        000000
__Htext86                                     text86        000000
__Htext87                                     text87        000000
__Htext88                                     text88        000000
__Htext89                                     text89        000000
__Htext9                                      text9         000000
__Htext90                                     text90        000000
__Htext91                                     text91        000000
__Htext92                                     text92        000000
__Htext93                                     text93        000000
__Htext94                                     text94        000000
__Htext95                                     text95        000000
__Htext96                                     text96        000000
__Htext97                                     text97        000000
__Htext98                                     text98        000000
__Htext99                                     text99        000000
__LRAM                                        (abs)         000001
__Labs1                                       abs1          000000
__Lbank0                                      bank0         000000
__Lbank1                                      bank1         000000
__Lbank10                                     bank10        000000
__Lbank11                                     bank11        000000
__Lbank12                                     bank12        000000
__Lbank13                                     bank13        000000
__Lbank14                                     bank14        000000
__Lbank15                                     bank15        000000
__Lbank2                                      bank2         000000
__Lbank3                                      bank3         000000
__Lbank4                                      bank4         000000
__Lbank5                                      bank5         000000
__Lbank6                                      bank6         000000
__Lbank7                                      bank7         000000
__Lbank8                                      bank8         000000
__Lbank9                                      bank9         000000
__Lbigbss                                     bigbss        000000
__Lbigdata                                    bigdata       000000
__Lbigram                                     bigram        000000
__Lbss                                        bss           000000
__LbssBANK0                                   bssBANK0      000000
__LbssBANK1                                   bssBANK1      000000
__LbssBANK2                                   bssBANK2      000000
__LbssBANK3                                   bssBANK3      000000
__LbssCOMRAMh                                 bssCOMRAMh    000000
__Lcinit                                      cinit         000000
__Lclrtext                                    clrtext       000000
__Lcomram                                     comram        000000
[...]
 Hardware stack levels used:    1
 Hardware stack levels required when called:    1
 This function calls:
		_TMR1_CallBack
		_TMR1_WriteTimer
 This function is called by:
		_INTERRUPT_InterruptManager
 This function uses a non-reentrant model


 *************** function _TMR1_WriteTimer *****************
 Defined at:
		line 127 in file "mcc_generated_files/tmr1.c"
 Parameters:    Size  Location     Type
  timerVal        2    0[COMRAM] unsigned int 
 Auto vars:     Size  Location     Type
		None
 Return value:  Size  Location     Type
                  1    wreg      void 
 Registers used:
		wreg, status,2
 Tracked objects:
		On entry : 
		On exit  : 
		Unchanged: 
 Data sizes:    COMRAMh COMRAMl   BANK0   BANK1   BANK2   BANK3   BANK4   BANK5   BANK6   BANK7   BANK8   BANK9  BANK10  BANK11  BANK12  BANK13  BANK14  BANK15
      Params:         2       0       0       0       0       0       0       0       0       0       0       0       0       0       0       0       0       0
      Locals:         0       0       0       0       0       0       0       0       0       0       0       0       0       0       0       0       0       0
      Temps:          0       0       0       0       0       0       0       0       0       0       0       0       0       0       0       0       0       0
      Totals:         2       0       0       0       0       0       0       0       0       0       0       0       0       0       0       0       0       0
Total ram usage:        2 bytes
 Hardware stack levels used:    1
 This function calls:
		Nothing
 This function is called by:
		_TMR1_ISR
		_TMR1_Reload
 This function uses a non-reentrant model


 *************** function _TMR1_CallBack *****************
 Defined at:
		line 183 in file "mcc_generated_files/tmr1.c"
 Parameters:    Size  Location     Type
		None
 Auto vars:     Size  Location     Type
		None
 Return value:  Size  Location     Type
                  1    wreg      void 
 Registers used:
		status,2, status,0
 Tracked objects:
		On entry : 
		On exit  : 
		Unchanged: 
 Data sizes:    COMRAMh COMRAMl   BANK0   BANK1   BANK2   BANK3   BANK4   BANK5   BANK6   BANK7   BANK8   BANK9  BANK10  BANK11  BANK12  BANK13  BANK14  BANK15
      Params:         0       0       0       0       0       0       0       0       0       0       0       0       0       0       0       0       0       0
      Locals:         0       0       0       0       0       0       0       0       0       0       0       0       0       0       0       0       0       0
      Temps:          0       0       0       0       0       0       0       0       0       0       0       0       0       0       0       0       0       0
      Totals:         0       0       0       0       0       0       0       0       0       0       0       0       0       0       0       0       0       0
Total ram usage:        0 bytes
 Hardware stack levels used:    1
 This function calls:
		Nothing
 This function is called by:
		_TMR1_ISR
 This function uses a non-reentrant model


 *************** function _TMR0_ISR *****************
 Defined at:
		line 142 in file "mcc_generated_files/tmr0.c"
 Parameters:    Size  Location     Type
		None
 Auto vars:     Size  Location     Type
		None
 Return value:  Size  Location     Type
                  1    wreg      void 
 Registers used:
		wreg, status,2, status,0, cstack
 Tracked objects:
		On entry : 
		On exit  : 
		Unchanged: 
 Data sizes:    COMRAMh COMRAMl   BANK0   BANK1   BANK2   BANK3   BANK4   BANK5   BANK6   BANK7   BANK8   BANK9  BANK10  BANK11  BANK12  BANK13  BANK14  BANK15
      Params:         0       0       0       0       0       0       0       0       0       0       0       0       0       0       0       0       0       0
      Locals:         0       0       0       0       0       0       0       0       0       0       0       0       0       0       0       0       0       0
      Temps:          0       0       0       0       0       0       0       0       0       0       0       0       0       0       0       0       0       0
      Totals:         0       0       0       0       0       0       0       0       0       0       0       0       0       0       0       0       0       0
Total ram usage:        0 bytes
 Hardware stack levels used:    1
 Hardware stack levels required when called:    2
 This function calls:
		_TMR0_CallBack
 This function is called by:
		_INTERRUPT_InterruptManager
 This function uses a non-reentrant model


 *************** function _TMR0_CallBack *****************
 Defined at:
		line 165 in file "mcc_generated_files/tmr0.c"
 Parameters:    Size  Location     Type
		None
 Auto vars:     Size  Location     Type
		None
 Return value:  Size  Location     Type
                  1    wreg      void 
 Registers used:
		wreg, status,2, status,0, cstack
 Tracked objects:
		On entry : 
		On exit  : 
		Unchanged: 
 Data sizes:    COMRAMh COMRAMl   BANK0   BANK1   BANK2   BANK3   BANK4   BANK5   BANK6   BANK7   BANK8   BANK9  BANK10  BANK11  BANK12  BANK13  BANK14  BANK15
      Params:         0       0       0       0       0       0       0       0       0       0       0       0       0       0       0       0       0       0
      Locals:         0       0       0       0       0       0       0       0       0       0       0       0       0       0       0       0       0       0
      Temps:          0       0       0       0       0       0       0       0       0       0       0       0       0       0       0       0       0       0
      Totals:         0       0       0       0       0       0       0       0       0       0       0       0       0       0       0       0       0       0
Total ram usage:        0 bytes
 Hardware stack levels used:    1
 Hardware stack levels required when called:    1
 This function calls:
		i2___awmod
 This function is called by:
		_TMR0_ISR
 This function uses a non-reentrant model


 *************** function i2___awmod *****************
 Defined at:
		line 8 in file "C:\Program Files (x86)\Microchip\xc8\v1.45\sources\common\awmod.c"
 Parameters:    Size  Location     Type
  dividend        2    0[COMRAM] int 
  divisor         2    2[COMRAM] int 
 Auto vars:     Size  Location     Type
  __awmod         1    5[COMRAM] unsigned char 
  __awmod         1    4[COMRAM] unsigned char 
 Return value:  Size  Location     Type
                  2    0[COMRAM] int 
 Registers used:
		wreg, status,2, status,0
 Tracked objects:
		On entry : 
		On exit  : 
		Unchanged: 
 Data sizes:    COMRAMh COMRAMl   BANK0   BANK1   BANK2   BANK3   BANK4   BANK5   BANK6   BANK7   BANK8   BANK9  BANK10  BANK11  BANK12  BANK13  BANK14  BANK15
      Params:         4       0       0       0       0       0       0       0       0       0       0       0       0       0       0       0       0       0
      Locals:         2       0       0       0       0       0       0       0       0       0       0       0       0       0       0       0       0       0
      Temps:          0       0       0       0       0       0       0       0       0       0       0       0       0       0       0       0       0       0
      Totals:         6       0       0       0       0       0       0       0       0       0       0       0       0       0       0       0       0       0
Total ram usage:        6 bytes
 Hardware stack levels used:    1
 This function calls:
		Nothing
 This function is called by:
		_TMR0_CallBack
 This function uses a non-reentrant model



MODULE INFORMATION

Module		Function		Class		Link	Load	Size
C:\Program Files (x86)\Microchip\xc8\v1.45\sources\common\ftneg.c
		___ftneg       		CODE           	5944	0000	43

C:\Program Files (x86)\Microchip\xc8\v1.45\sources\common\ftneg.c estimated size: 43

mcc_generated_files/uart2.c
		_UART2_is_rx_ready		CODE           	5C82	0000	7
		_UART2_DefaultErrorHandler		CODE           	5C94	0000	7
		_UART2_RxDataHandler		CODE           	596E	0000	41
		_UART2_DefaultOverrunErrorHandler		CODE           	5CAC	0000	3
		_UART2_Write   		CODE           	530E	0000	77
		_UART2_SetFramingErrorHandler		CODE           	5BCA	0000	15
		_UART2_SetOverrunErrorHandler		CODE           	5BBC	0000	15
		_UART2_Receive_ISR		CODE           	41D0	0000	169
		_UART2_SetRxInterruptHandler		CODE           	5BAE	0000	15
		_UART2_SetTxInterruptHandler		CODE           	5BA0	0000	15
		_UART2_Send_words		CODE           	58C0	0000	45
		_UART2_Initialize		CODE           	43C0	0000	161
		_UART2_SetErrorHandler		CODE           	5BD8	0000	15
		_UART2_Transmit_ISR		CODE           	55EA	0000	59
		_UART2_Read    		CODE           	521A	0000	87
		_UART2_DefaultFramingErrorHandler		CODE           	5CAE	0000	3

mcc_generated_files/uart2.c estimated size: 734

C:\Program Files (x86)\Microchip\xc8\v1.45\sources\common\ftsub.c
		___ftsub       		CODE           	5270	0000	83

C:\Program Files (x86)\Microchip\xc8\v1.45\sources\common\ftsub.c estimated size: 83

C:\Program Files (x86)\Microchip\xc8\v1.45\sources\common\float.c
		___ftpack      		CODE           	3FC4	0000	181

C:\Program Files (x86)\Microchip\xc8\v1.45\sources\common\float.c estimated size: 181

mcc_generated_files/fvr.c
		_FVR_Initialize		CODE           	5C62	0000	9

mcc_generated_files/fvr.c estimated size: 9

C:\Program Files (x86)\Microchip\xc8\v1.45\sources\common\doprnt.c
		_scale         		CODE           	0DC8	0000	1249
		_sprintf       		CODE           	001E	0000	3499
		_fround        		CODE           	1E42	0000	743

C:\Program Files (x86)\Microchip\xc8\v1.45\sources\common\doprnt.c estimated size: 5491

WS2812.c
		_WS2812_Write  		CODE           	2B5A	0000	323

WS2812.c estimated size: 323

C:\Program Files (x86)\Microchip\xc8\v1.45\sources\common\lltoft.c
		___lltoft      		CODE           	4EC4	0000	107

C:\Program Files (x86)\Microchip\xc8\v1.45\sources\common\lltoft.c estimated size: 107

mcc_generated_files/tmr2.c
		_TMR2_Initialize		CODE           	5A4C	0000	35

mcc_generated_files/tmr2.c estimated size: 35

mcc_generated_files/interrupt_manager.c
		_INTERRUPT_Initialize		CODE           	5C76	0000	7
		_INTERRUPT_InterruptManager		CODE           	459C	0000	149

mcc_generated_files/interrupt_manager.c estimated size: 156

C:\Program Files (x86)\Microchip\xc8\v1.45\sources\common\Umul16.c
		___wmul        		CODE           	5892	0000	47

C:\Program Files (x86)\Microchip\xc8\v1.45\sources\common\Umul16.c estimated size: 47

mcc_generated_files/pwm2.c
		_PWM2_Initialize		CODE           	5B0E	0000	25
		_PWM2_LoadDutyValue		CODE           	57D0	0000	51

mcc_generated_files/pwm2.c estimated size: 76

mcc_generated_files/tmr0.c
		_TMR0_SetInterruptHandler		CODE           	5C3A	0000	15
		_TMR0_CallBack 		CODE           	4F96	0000	99
		_TMR0_ISR      		CODE           	576A	0000	53
		_TMR0_Initialize		CODE           	5478	0000	69

mcc_generated_files/tmr0.c estimated size: 236

C:\Program Files (x86)\Microchip\xc8\v1.45\sources\common\ftge.c
		___ftge        		CODE           	4500	0000	157

C:\Program Files (x86)\Microchip\xc8\v1.45\sources\common\ftge.c estimated size: 157

mcc_generated_files/pin_manager.c
		_PIN_MANAGER_Initialize		CODE           	4AD4	0000	117

mcc_generated_files/pin_manager.c estimated size: 117

C:\Program Files (x86)\Microchip\xc8\v1.45\sources\common\isdigit.c
		_isdigit       		CODE           	5AD2	0000	33

C:\Program Files (x86)\Microchip\xc8\v1.45\sources\common\isdigit.c estimated size: 33

C:\Program Files (x86)\Microchip\xc8\v1.45\sources\common\ftdivl.c
		__tdiv_to_l_   		CODE           	2C9C	0000	319

C:\Program Files (x86)\Microchip\xc8\v1.45\sources\common\ftdivl.c estimated size: 319

C:\Program Files (x86)\Microchip\xc8\v1.45\sources\common\ftmul.c
		___ftmul       		CODE           	3502	0000	267

C:\Program Files (x86)\Microchip\xc8\v1.45\sources\common\ftmul.c estimated size: 267

C:\Program Files (x86)\Microchip\xc8\v1.45\sources\common\awmod.c
		___awmod       		CODE           	4B48	0000	117

C:\Program Files (x86)\Microchip\xc8\v1.45\sources\common\awmod.c estimated size: 117

C:\Program Files (x86)\Microchip\xc8\v1.45\sources\common\ftdiv.c
		___ftdiv       		CODE           	3818	0000	253

C:\Program Files (x86)\Microchip\xc8\v1.45\sources\common\ftdiv.c estimated size: 253

C:\Program Files (x86)\Microchip\xc8\v1.45\sources\common\llmod.c
		___llmod       		CODE           	4D12	0000	111

C:\Program Files (x86)\Microchip\xc8\v1.45\sources\common\llmod.c estimated size: 111

C:\Program Files (x86)\Microchip\xc8\v1.45\sources\common\fldivl.c
		__div_to_l_    		CODE           	32B4	0000	305

C:\Program Files (x86)\Microchip\xc8\v1.45\sources\common\fldivl.c estimated size: 305

mcc_generated_files/uart1.c
		_UART1_SetFramingErrorHandler		CODE           	5C10	0000	15
		_UART1_SetOverrunErrorHandler		CODE           	5C02	0000	15
		_UART1_Receive_ISR		CODE           	4124	0000	173
		_UART1_SetRxInterruptHandler		CODE           	5BF4	0000	15
		_UART1_SetTxInterruptHandler		CODE           	5BE6	0000	15
		_UART1_Initialize		CODE           	4078	0000	173
		_UART1_SetErrorHandler		CODE           	5C1E	0000	15
		_UART1_Transmit_ISR		CODE           	5624	0000	59
		_UART1_Read    		CODE           	51C4	0000	87
		_UART1_DefaultFramingErrorHandler		CODE           	5CB2	0000	3
		_UART1_is_rx_ready		CODE           	5C7C	0000	7
		_UART1_DefaultErrorHandler		CODE           	5C9A	0000	7
		_UART1_RxDataHandler		CODE           	5996	0000	41
		_UART1_DefaultOverrunErrorHandler		CODE           	5CB0	0000	3

mcc_generated_files/uart1.c estimated size: 628

shared
		_battery_50    		MEDIUMCONST    	FDEF	0000	9
		_battery_25    		MEDIUMCONST    	FDF7	0000	9
		_battery_75    		MEDIUMCONST    	FDE7	0000	9
		_battery_100   		MEDIUMCONST    	FDDF	0000	9
		_battery_empty 		MEDIUMCONST    	FDFF	0000	9
		__powers_      		MEDIUMCONST    	FD69	0000	40
		_dpowers       		MEDIUMCONST    	FD41	0000	41
		_photizzo_logo 		MEDIUMCONST    	FE07	0000	9
		__npowers_     		MEDIUMCONST    	FD90	0000	40
		__initialization		CODE           	3F10	0000	175
		_char_plug     		MEDIUMCONST    	FDD7	0000	9
		_solar_house   		MEDIUMCONST    	FDCF	0000	9
		i2___awmod     		CODE           	4BBC	0000	117
		_warning_sign  		MEDIUMCONST    	FDBF	0000	9
		_grid_char     		MEDIUMCONST    	FDC7	0000	9
		_char_time     		MEDIUMCONST    	FDB7	0000	9

shared estimated size: 512

mcc_generated_files/mcc.c
		_WWDT_SoftDisable		CODE           	5C70	0000	7
		_PMD_Initialize		CODE           	59E2	0000	37
		_OSCILLATOR_Initialize		CODE           	5B3E	0000	25
		_SYSTEM_Initialize		CODE           	55B0	0000	59
		_WWDT_Initialize		CODE           	5C56	0000	13
		_WWDT_SoftEnable		CODE           	5C6A	0000	7

mcc_generated_files/mcc.c estimated size: 148

C:\Program Files (x86)\Microchip\xc8\v1.45\sources\common\fttol.c
		___fttol       		CODE           	3714	0000	261

C:\Program Files (x86)\Microchip\xc8\v1.45\sources\common\fttol.c estimated size: 261

C:\Program Files (x86)\Microchip\xc8\v1.45\sources\common\awtoft.c
		___awtoft      		CODE           	5434	0000	69

C:\Program Files (x86)\Microchip\xc8\v1.45\sources\common\awtoft.c estimated size: 69

mcc_generated_files/tmr1.c
		_TMR1_Initialize		CODE           	52C2	0000	77
		_TMR1_SetInterruptHandler		CODE           	5C2C	0000	15
		_TMR1_StopTimer		CODE           	5C88	0000	7
		_TMR1_CallBack 		CODE           	5CA0	0000	7
		_TMR1_WriteTimer		CODE           	5A6E	0000	35
		_TMR1_StartTimer		CODE           	5C8E	0000	7
		_TMR1_ISR      		CODE           	56CC	0000	55

mcc_generated_files/tmr1.c estimated size: 203

mcc_generated_files/pwm1.c
		_PWM1_Initialize		CODE           	5B26	0000	25
		_PWM1_LoadDutyValue		CODE           	5802	0000	51

mcc_generated_files/pwm1.c estimated size: 76

C:\Program Files (x86)\Microchip\xc8\v1.45\sources\common\awdiv.c
		___awdiv       		CODE           	4864	0000	137

C:\Program Files (x86)\Microchip\xc8\v1.45\sources\common\awdiv.c estimated size: 137

lcd.c
		_Lcd_Write_String		CODE           	474E	0000	141
		_LCD_CreateCharacter		CODE           	5058	0000	97
		_LCD_Send      		CODE           	3182	0000	307
		_Lcd_Init      		CODE           	4D80	0000	111
		_Lcd_Write_Char		CODE           	54BC	0000	67
		_Lcd_Cmd       		CODE           	5A06	0000	37
		_Lcd_Set_Cursor		CODE           	4460	0000	161
		_Lcd_Clear     		CODE           	5AF2	0000	29
		_Lcd_Port      		CODE           	5834	0000	49

lcd.c estimated size: 999

C:\Program Files (x86)\Microchip\xc8\v1.45\sources\common\ftadd.c
		___ftadd       		CODE           	256C	0000	465

C:\Program Files (x86)\Microchip\xc8\v1.45\sources\common\ftadd.c estimated size: 465

C:\Program Files (x86)\Microchip\xc8\v1.45\sources\common\lldiv.c
		___lldiv       		CODE           	47DA	0000	139

C:\Program Files (x86)\Microchip\xc8\v1.45\sources\common\lldiv.c estimated size: 139

mcc_generated_files/adcc.c
		_ADCC_GetConversionResult		CODE           	5B6C	0000	23
		_ADCC_StartConversion		CODE           	5B82	0000	17
		_ADCC_Initialize		CODE           	50B8	0000	91
		_ADCC_IsConversionDone		CODE           	5B92	0000	15

mcc_generated_files/adcc.c estimated size: 146

main.c
		_batteryBar    		CODE           	48EC	0000	127
		_BMS_DATA      		CODE           	237A	0000	499
		_chargeControl 		CODE           	59BE	0000	37
		_diagnosticPage1		CODE           	2128	0000	595
		_diagnosticPage2		CODE           	2DDA	0000	315
		_takeSystemMeasurement		CODE           	4E5A	0000	107
		_setGridMode   		CODE           	579E	0000	51
		_WS2812_writeRGB		CODE           	5A2A	0000	35
		_printlong     		CODE           	565E	0000	57
		_ResetAllParameters		CODE           	5112	0000	91
		_LCD_initialization		CODE           	5C48	0000	15
		_shutDOWN      		CODE           	535A	0000	75
		_main          		CODE           	16C8	0000	1013
		_ButtonScan    		CODE           	2F14	0000	313
		_measureDATA   		CODE           	4A60	0000	117
		_updateBatteryBAR		CODE           	273C	0000	403
		_DIAGNOSTIC_DATA		CODE           	1ABC	0000	903
		_listen4data   		CODE           	3AF2	0000	231
		_timeleft      		CODE           	4630	0000	147
		_animateLED    		CODE           	516C	0000	89
		_energyCalculation		CODE           	4CA2	0000	113
		_callibrateACS 		CODE           	28CE	0000	329
		_charging_status		CODE           	54FE	0000	63
		_controlChargingStatus		CODE           	5AB2	0000	33
		_BMS_CALIBRATION_PAGE		CODE           	49E6	0000	123
		_gridCheck     		CODE           	5B56	0000	23
		_setONparameters		CODE           	53EE	0000	71
		_print_float   		CODE           	3A06	0000	237
		_rainbowPowerUp		CODE           	4F2E	0000	105
		_fan_Control   		CODE           	304C	0000	311
		_warningPage   		CODE           	2A16	0000	325
		_WS2812_writeColour		CODE           	4278	0000	167
		_printByte     		CODE           	58EC	0000	45
		_warningCheck  		CODE           	5702	0000	53
		_defaultHomePage		CODE           	5576	0000	59
		_check_charging		CODE           	5736	0000	53
		_gridPage      		CODE           	53A4	0000	75
		_Send_GatewayDATA		CODE           	3CBA	0000	207
		_setDiagnosticMode		CODE           	4FF8	0000	97
		_welcomePage   		CODE           	3E50	0000	193
		_printData     		CODE           	5918	0000	45
		_offChargingPage		CODE           	496A	0000	125
		_CreateCustomCharacters		CODE           	4C30	0000	115
		_clearUART_buffer		CODE           	4DEE	0000	109
		_takeAllSystemMeasurement		CODE           	360C	0000	265
		_updateHomepage		CODE           	5696	0000	55
		_systemControl 		CODE           	33E4	0000	287
		_homePage1     		CODE           	3BD8	0000	227
		_homePage2     		CODE           	3914	0000	243
		_set_on_time   		CODE           	3D88	0000	201
		_convert2actualVal		CODE           	12A8	0000	1057
		_welcomeDiagnostic		CODE           	46C2	0000	141
		_percentageUpdate		CODE           	431E	0000	163

main.c estimated size: 10935

C:\Program Files (x86)\Microchip\xc8\v1.45\sources\common\lwtoft.c
		___lwtoft      		CODE           	5864	0000	47

C:\Program Files (x86)\Microchip\xc8\v1.45\sources\common\lwtoft.c estimated size: 47

